<html>
<body>
<pre>
<h1>µVision Build Log</h1>
<h2>Tool Versions:</h2>
IDE-Version: µVision V5.37.0.0
Copyright (C) 2022 ARM Ltd and ARM Germany GmbH. All rights reserved.
License Information: Nikita Bogun, voenmeh, LIC=----
 
Tool Versions:
Toolchain:       MDK-Lite  Version: 5.37.0.0
Toolchain Path:  D:\Keil5\ARM\ARMCLANG\Bin
C Compiler:      ArmClang.exe V6.18
Assembler:       Armasm.exe V6.18
Linker/Locator:  ArmLink.exe V6.18
Library Manager: ArmAr.exe V6.18
Hex Converter:   FromElf.exe V6.18
CPU DLL:         SARMCM3.DLL V5.37.0.0
Dialog DLL:      DARMSTM.DLL V1.69.1.0
Target DLL:      CMSIS_AGDI.dll V1.33.12.0
Dialog DLL:      TARMSTM.DLL V1.67.1.0
 
<h2>Project:</h2>
C:\Projects\kursach-sys-sw\103_usb_hid\Kosmo_hid.uvprojx
Project File Date:  05/20/2022

<h2>Output:</h2>
*** Using Compiler 'V6.18', folder: 'D:\Keil5\ARM\ARMCLANG\Bin'
Build target 'Target 1'
compiling fonts.c...
compiling usb_device.c...
compiling stm32f1xx_it.c...
Src/usbd_desc.c(204): warning: passing 'char[18]' to parameter of type 'uint8_t *' (aka 'unsigned char *') converts between pointers to integer types where one is of the unique plain 'char' type and the other is not [-Wpointer-sign]
    USBD_GetString (USBD_PRODUCT_STRING_FS, USBD_StrDesc, length);
                    ^~~~~~~~~~~~~~~~~~~~~~
Src/usbd_desc.c(63): note: expanded from macro 'USBD_PRODUCT_STRING_FS'
#define USBD_PRODUCT_STRING_FS     "USB_HID_Future_IO"
                                   ^~~~~~~~~~~~~~~~~~~
./Middlewares/ST/STM32_USB_Device_Library/Core/Inc/usbd_ctlreq.h(93): note: passing argument to parameter 'desc' here
void USBD_GetString         (uint8_t *desc, uint8_t *unicode, uint16_t *len);
                                      ^
Src/usbd_desc.c(208): warning: passing 'char[18]' to parameter of type 'uint8_t *' (aka 'unsigned char *') converts between pointers to integer types where one is of the unique plain 'char' type and the other is not [-Wpointer-sign]
    USBD_GetString (USBD_PRODUCT_STRING_FS, USBD_StrDesc, length);
                    ^~~~~~~~~~~~~~~~~~~~~~
Src/usbd_desc.c(63): note: expanded from macro 'USBD_PRODUCT_STRING_FS'
#define USBD_PRODUCT_STRING_FS     "USB_HID_Future_IO"
                                   ^~~~~~~~~~~~~~~~~~~
./Middlewares/ST/STM32_USB_Device_Library/Core/Inc/usbd_ctlreq.h(93): note: passing argument to parameter 'desc' here
void USBD_GetString         (uint8_t *desc, uint8_t *unicode, uint16_t *len);
                                      ^
Src/usbd_desc.c(222): warning: passing 'char[11]' to parameter of type 'uint8_t *' (aka 'unsigned char *') converts between pointers to integer types where one is of the unique plain 'char' type and the other is not [-Wpointer-sign]
  USBD_GetString (USBD_MANUFACTURER_STRING, USBD_StrDesc, length);
                  ^~~~~~~~~~~~~~~~~~~~~~~~
Src/usbd_desc.c(61): note: expanded from macro 'USBD_MANUFACTURER_STRING'
#define USBD_MANUFACTURER_STRING     "KedrusTECH"
                                     ^~~~~~~~~~~~
./Middlewares/ST/STM32_USB_Device_Library/Core/Inc/usbd_ctlreq.h(93): note: passing argument to parameter 'desc' here
void USBD_GetString         (uint8_t *desc, uint8_t *unicode, uint16_t *len);
                                      ^
Src/usbd_desc.c(237): warning: passing 'char[13]' to parameter of type 'uint8_t *' (aka 'unsigned char *') converts between pointers to integer types where one is of the unique plain 'char' type and the other is not [-Wpointer-sign]
    USBD_GetString (USBD_SERIALNUMBER_STRING_FS, USBD_StrDesc, length);
                    ^~~~~~~~~~~~~~~~~~~~~~~~~~~
Src/usbd_desc.c(64): note: expanded from macro 'USBD_SERIALNUMBER_STRING_FS'
#define USBD_SERIALNUMBER_STRING_FS     "00000000001A"
                                        ^~~~~~~~~~~~~~
./Middlewares/ST/STM32_USB_Device_Library/Core/Inc/usbd_ctlreq.h(93): note: passing argument to parameter 'desc' here
void USBD_GetString         (uint8_t *desc, uint8_t *unicode, uint16_t *len);
                                      ^
Src/usbd_desc.c(241): warning: passing 'char[13]' to parameter of type 'uint8_t *' (aka 'unsigned char *') converts between pointers to integer types where one is of the unique plain 'char' type and the other is not [-Wpointer-sign]
    USBD_GetString (USBD_SERIALNUMBER_STRING_FS, USBD_StrDesc, length);
                    ^~~~~~~~~~~~~~~~~~~~~~~~~~~
Src/usbd_desc.c(64): note: expanded from macro 'USBD_SERIALNUMBER_STRING_FS'
#define USBD_SERIALNUMBER_STRING_FS     "00000000001A"
                                        ^~~~~~~~~~~~~~
./Middlewares/ST/STM32_USB_Device_Library/Core/Inc/usbd_ctlreq.h(93): note: passing argument to parameter 'desc' here
void USBD_GetString         (uint8_t *desc, uint8_t *unicode, uint16_t *len);
                                      ^
Src/usbd_desc.c(257): warning: passing 'char[18]' to parameter of type 'uint8_t *' (aka 'unsigned char *') converts between pointers to integer types where one is of the unique plain 'char' type and the other is not [-Wpointer-sign]
    USBD_GetString (USBD_CONFIGURATION_STRING_FS, USBD_StrDesc, length);
                    ^~~~~~~~~~~~~~~~~~~~~~~~~~~~
Src/usbd_desc.c(65): note: expanded from macro 'USBD_CONFIGURATION_STRING_FS'
#define USBD_CONFIGURATION_STRING_FS     "Custom HID Config"
                                         ^~~~~~~~~~~~~~~~~~~
./Middlewares/ST/STM32_USB_Device_Library/Core/Inc/usbd_ctlreq.h(93): note: passing argument to parameter 'desc' here
void USBD_GetString         (uint8_t *desc, uint8_t *unicode, uint16_t *len);
                                      ^
Src/usbd_desc.c(261): warning: passing 'char[18]' to parameter of type 'uint8_t *' (aka 'unsigned char *') converts between pointers to integer types where one is of the unique plain 'char' type and the other is not [-Wpointer-sign]
    USBD_GetString (USBD_CONFIGURATION_STRING_FS, USBD_StrDesc, length);
                    ^~~~~~~~~~~~~~~~~~~~~~~~~~~~
Src/usbd_desc.c(65): note: expanded from macro 'USBD_CONFIGURATION_STRING_FS'
#define USBD_CONFIGURATION_STRING_FS     "Custom HID Config"
                                         ^~~~~~~~~~~~~~~~~~~
./Middlewares/ST/STM32_USB_Device_Library/Core/Inc/usbd_ctlreq.h(93): note: passing argument to parameter 'desc' here
void USBD_GetString         (uint8_t *desc, uint8_t *unicode, uint16_t *len);
                                      ^
Src/usbd_desc.c(277): warning: passing 'char[21]' to parameter of type 'uint8_t *' (aka 'unsigned char *') converts between pointers to integer types where one is of the unique plain 'char' type and the other is not [-Wpointer-sign]
    USBD_GetString (USBD_INTERFACE_STRING_FS, USBD_StrDesc, length);
                    ^~~~~~~~~~~~~~~~~~~~~~~~
Src/usbd_desc.c(66): note: expanded from macro 'USBD_INTERFACE_STRING_FS'
#define USBD_INTERFACE_STRING_FS     "Custom HID Interface"
                                     ^~~~~~~~~~~~~~~~~~~~~~
./Middlewares/ST/STM32_USB_Device_Library/Core/Inc/usbd_ctlreq.h(93): note: passing argument to parameter 'desc' here
void USBD_GetString         (uint8_t *desc, uint8_t *unicode, uint16_t *len);
                                      ^
Src/usbd_desc.c(281): warning: passing 'char[21]' to parameter of type 'uint8_t *' (aka 'unsigned char *') converts between pointers to integer types where one is of the unique plain 'char' type and the other is not [-Wpointer-sign]
    USBD_GetString (USBD_INTERFACE_STRING_FS, USBD_StrDesc, length);
                    ^~~~~~~~~~~~~~~~~~~~~~~~
Src/usbd_desc.c(66): note: expanded from macro 'USBD_INTERFACE_STRING_FS'
#define USBD_INTERFACE_STRING_FS     "Custom HID Interface"
                                     ^~~~~~~~~~~~~~~~~~~~~~
./Middlewares/ST/STM32_USB_Device_Library/Core/Inc/usbd_ctlreq.h(93): note: passing argument to parameter 'desc' here
void USBD_GetString         (uint8_t *desc, uint8_t *unicode, uint16_t *len);
                                      ^
9 warnings generated.
compiling usbd_desc.c...
compiling usbd_custom_hid_if.c...
compiling stm32f1xx_hal_msp.c...
compiling usbd_customhid.c...
compiling usbd_core.c...
compiling usbd_conf.c...
compiling ssd1306.c...
compiling main.c...
compiling system_stm32f1xx.c...
compiling usbd_ioreq.c...
compiling usbd_ctlreq.c...
compiling stm32f1xx_hal_cec.c...
compiling stm32f1xx_hal_crc.c...
compiling stm32f1xx_hal_can.c...
compiling stm32f1xx_hal.c...
compiling stm32f1xx_hal_dac.c...
compiling stm32f1xx_hal_dac_ex.c...
compiling stm32f1xx_hal_cortex.c...
compiling stm32f1xx_hal_eth.c...
compiling stm32f1xx_hal_adc_ex.c...
compiling stm32f1xx_hal_dma.c...
compiling stm32f1xx_hal_adc.c...
compiling stm32f1xx_hal_hcd.c...
compiling stm32f1xx_hal_gpio_ex.c...
compiling stm32f1xx_hal_i2s.c...
compiling stm32f1xx_hal_irda.c...
compiling stm32f1xx_hal_flash.c...
compiling stm32f1xx_hal_gpio.c...
compiling stm32f1xx_hal_iwdg.c...
compiling stm32f1xx_hal_flash_ex.c...
compiling stm32f1xx_hal_mmc.c...
compiling stm32f1xx_hal_nand.c...
compiling stm32f1xx_hal_pccard.c...
compiling stm32f1xx_hal_nor.c...
compiling stm32f1xx_hal_pcd_ex.c...
compiling stm32f1xx_hal_rtc_ex.c...
compiling stm32f1xx_hal_rtc.c...
compiling stm32f1xx_hal_pwr.c...
compiling stm32f1xx_hal_rcc_ex.c...
compiling stm32f1xx_hal_sd.c...
compiling stm32f1xx_hal_smartcard.c...
compiling stm32f1xx_hal_spi.c...
compiling stm32f1xx_hal_spi_ex.c...
compiling stm32f1xx_hal_pcd.c...
compiling stm32f1xx_hal_rcc.c...
compiling stm32f1xx_hal_sram.c...
compiling stm32f1xx_hal_uart.c...
compiling stm32f1xx_ll_adc.c...
compiling stm32f1xx_ll_dac.c...
compiling stm32f1xx_ll_dma.c...
compiling stm32f1xx_ll_crc.c...
compiling stm32f1xx_hal_usart.c...
compiling stm32f1xx_hal_wwdg.c...
compiling stm32f1xx_ll_exti.c...
compiling stm32f1xx_ll_gpio.c...
compiling stm32f1xx_hal_tim_ex.c...
compiling stm32f1xx_ll_i2c.c...
compiling stm32f1xx_ll_fsmc.c...
compiling stm32f1xx_ll_rcc.c...
compiling stm32f1xx_ll_pwr.c...
compiling stm32f1xx_ll_rtc.c...
compiling stm32f1xx_ll_spi.c...
compiling stm32f1xx_ll_tim.c...
compiling stm32f1xx_ll_sdmmc.c...
compiling stm32f1xx_ll_usart.c...
assembling startup_stm32f103xb.s...
compiling stm32f1xx_hal_i2c.c...
compiling stm32f1xx_ll_utils.c...
compiling stm32f1xx_hal_tim.c...
compiling stm32f1xx_ll_usb.c...
linking...
Program Size: Code=18474 RO-data=1754 RW-data=292 ZI-data=7868  
".\Kosmo_hid.axf" - 0 Error(s), 9 Warning(s).

<h2>Software Packages used:</h2>

Package Vendor: Keil
                http://www.keil.com/pack/Keil.STM32F1xx_DFP.2.4.0.pack
                Keil.STM32F1xx_DFP.2.4.0
                STMicroelectronics STM32F1 Series Device Support, Drivers and Examples

<h2>Collection of Component include folders:</h2>
  D:/KeilPacks/Keil/STM32F1xx_DFP/2.4.0/Device/Include

<h2>Collection of Component Files used:</h2>
Build Time Elapsed:  00:00:03
</pre>
</body>
</html>
