Component: Arm Compiler for Embedded 6.18 Tool: armlink [5e4cc100]

==============================================================================

Section Cross References

    usbd_custom_hid_if.o(.ARM.exidx.text.CUSTOM_HID_Init_FS) refers to usbd_custom_hid_if.o(.text.CUSTOM_HID_Init_FS) for [Anonymous Symbol]
    usbd_custom_hid_if.o(.ARM.exidx.text.CUSTOM_HID_DeInit_FS) refers to usbd_custom_hid_if.o(.text.CUSTOM_HID_DeInit_FS) for [Anonymous Symbol]
    usbd_custom_hid_if.o(.ARM.exidx.text.CUSTOM_HID_OutEvent_FS) refers to usbd_custom_hid_if.o(.text.CUSTOM_HID_OutEvent_FS) for [Anonymous Symbol]
    usbd_custom_hid_if.o(.text.CustomHID_SetFeature) refers to usbd_custom_hid_if.o(.bss.RGB) for RGB
    usbd_custom_hid_if.o(.text.CustomHID_SetFeature) refers to main.o(.text.RGB_POWER) for RGB_POWER
    usbd_custom_hid_if.o(.text.CustomHID_SetFeature) refers to ssd1306.o(.text.ssd1306_WriteScreenBuffer) for ssd1306_WriteScreenBuffer
    usbd_custom_hid_if.o(.text.CustomHID_SetFeature) refers to ssd1306.o(.text.ssd1306_SetCursor) for ssd1306_SetCursor
    usbd_custom_hid_if.o(.text.CustomHID_SetFeature) refers to fonts.o(.data.Font_7x9) for Font_7x9
    usbd_custom_hid_if.o(.text.CustomHID_SetFeature) refers to ssd1306.o(.text.ssd1306_WriteString) for ssd1306_WriteString
    usbd_custom_hid_if.o(.ARM.exidx.text.CustomHID_SetFeature) refers to usbd_custom_hid_if.o(.text.CustomHID_SetFeature) for [Anonymous Symbol]
    usbd_custom_hid_if.o(.text.CustomHID_GetFeature) refers to stm32f1xx_hal_gpio.o(.text.HAL_GPIO_ReadPin) for HAL_GPIO_ReadPin
    usbd_custom_hid_if.o(.text.CustomHID_GetFeature) refers to main.o(.text.ADC_V) for ADC_V
    usbd_custom_hid_if.o(.text.CustomHID_GetFeature) refers to usbd_custom_hid_if.o(.rodata..Lswitch.table.CustomHID_FeatureReportLength) for .Lswitch.table.CustomHID_FeatureReportLength
    usbd_custom_hid_if.o(.ARM.exidx.text.CustomHID_GetFeature) refers to usbd_custom_hid_if.o(.text.CustomHID_GetFeature) for [Anonymous Symbol]
    usbd_custom_hid_if.o(.text.CustomHID_FeatureReportLength) refers to usbd_custom_hid_if.o(.rodata..Lswitch.table.CustomHID_FeatureReportLength) for .Lswitch.table.CustomHID_FeatureReportLength
    usbd_custom_hid_if.o(.ARM.exidx.text.CustomHID_FeatureReportLength) refers to usbd_custom_hid_if.o(.text.CustomHID_FeatureReportLength) for [Anonymous Symbol]
    usbd_custom_hid_if.o(.data.USBD_CustomHID_fops_FS) refers to usbd_custom_hid_if.o(.data.CUSTOM_HID_ReportDesc_FS) for [Anonymous Symbol]
    usbd_custom_hid_if.o(.data.USBD_CustomHID_fops_FS) refers to usbd_custom_hid_if.o(.text.CUSTOM_HID_Init_FS) for CUSTOM_HID_Init_FS
    usbd_custom_hid_if.o(.data.USBD_CustomHID_fops_FS) refers to usbd_custom_hid_if.o(.text.CUSTOM_HID_DeInit_FS) for CUSTOM_HID_DeInit_FS
    usbd_custom_hid_if.o(.data.USBD_CustomHID_fops_FS) refers to usbd_custom_hid_if.o(.text.CUSTOM_HID_OutEvent_FS) for CUSTOM_HID_OutEvent_FS
    usbd_custom_hid_if.o(.data.USBD_CustomHID_fops_FS) refers to usbd_custom_hid_if.o(.text.CustomHID_SetFeature) for CustomHID_SetFeature
    usbd_custom_hid_if.o(.data.USBD_CustomHID_fops_FS) refers to usbd_custom_hid_if.o(.text.CustomHID_GetFeature) for CustomHID_GetFeature
    usbd_desc.o(.text.USBD_FS_DeviceDescriptor) refers to usbd_desc.o(.data.USBD_FS_DeviceDesc) for USBD_FS_DeviceDesc
    usbd_desc.o(.ARM.exidx.text.USBD_FS_DeviceDescriptor) refers to usbd_desc.o(.text.USBD_FS_DeviceDescriptor) for [Anonymous Symbol]
    usbd_desc.o(.text.USBD_FS_LangIDStrDescriptor) refers to usbd_desc.o(.data.USBD_LangIDDesc) for USBD_LangIDDesc
    usbd_desc.o(.ARM.exidx.text.USBD_FS_LangIDStrDescriptor) refers to usbd_desc.o(.text.USBD_FS_LangIDStrDescriptor) for [Anonymous Symbol]
    usbd_desc.o(.text.USBD_FS_ManufacturerStrDescriptor) refers to usbd_desc.o(.bss.USBD_StrDesc) for USBD_StrDesc
    usbd_desc.o(.text.USBD_FS_ManufacturerStrDescriptor) refers to usbd_ctlreq.o(.text.USBD_GetString) for USBD_GetString
    usbd_desc.o(.ARM.exidx.text.USBD_FS_ManufacturerStrDescriptor) refers to usbd_desc.o(.text.USBD_FS_ManufacturerStrDescriptor) for [Anonymous Symbol]
    usbd_desc.o(.text.USBD_FS_ProductStrDescriptor) refers to usbd_desc.o(.bss.USBD_StrDesc) for USBD_StrDesc
    usbd_desc.o(.text.USBD_FS_ProductStrDescriptor) refers to usbd_ctlreq.o(.text.USBD_GetString) for USBD_GetString
    usbd_desc.o(.ARM.exidx.text.USBD_FS_ProductStrDescriptor) refers to usbd_desc.o(.text.USBD_FS_ProductStrDescriptor) for [Anonymous Symbol]
    usbd_desc.o(.text.USBD_FS_SerialStrDescriptor) refers to usbd_desc.o(.bss.USBD_StrDesc) for USBD_StrDesc
    usbd_desc.o(.text.USBD_FS_SerialStrDescriptor) refers to usbd_ctlreq.o(.text.USBD_GetString) for USBD_GetString
    usbd_desc.o(.ARM.exidx.text.USBD_FS_SerialStrDescriptor) refers to usbd_desc.o(.text.USBD_FS_SerialStrDescriptor) for [Anonymous Symbol]
    usbd_desc.o(.text.USBD_FS_ConfigStrDescriptor) refers to usbd_desc.o(.bss.USBD_StrDesc) for USBD_StrDesc
[...]
    [Anonymous Symbol]                       0x08002d08   Section        0  main.o(.text.MX_GPIO_Init)
    [Anonymous Symbol]                       0x08002dd8   Section        0  main.o(.text.MX_TIM1_Init)
    [Anonymous Symbol]                       0x08002f10   Section        0  usb_device.o(.text.MX_USB_DEVICE_Init)
    [Anonymous Symbol]                       0x08002f50   Section        0  stm32f1xx_it.o(.text.MemManage_Handler)
    [Anonymous Symbol]                       0x08002f54   Section        0  stm32f1xx_it.o(.text.NMI_Handler)
    [Anonymous Symbol]                       0x08002f58   Section        0  stm32f1xx_it.o(.text.PendSV_Handler)
    [Anonymous Symbol]                       0x08002f5c   Section        0  main.o(.text.RGB_POWER)
    [Anonymous Symbol]                       0x08002f6c   Section        0  stm32f1xx_it.o(.text.SVC_Handler)
    [Anonymous Symbol]                       0x08002f70   Section        0  stm32f1xx_it.o(.text.SysTick_Handler)
    [Anonymous Symbol]                       0x08002f78   Section        0  main.o(.text.SystemClock_Config)
    [Anonymous Symbol]                       0x08003004   Section        0  system_stm32f1xx.o(.text.SystemInit)
    [Anonymous Symbol]                       0x08003054   Section        0  main.o(.text.TIM2_IRQHandler)
    USBD_CUSTOM_HID_DataIn                   0x08003065   Thumb Code    14  usbd_customhid.o(.text.USBD_CUSTOM_HID_DataIn)
    [Anonymous Symbol]                       0x08003064   Section        0  usbd_customhid.o(.text.USBD_CUSTOM_HID_DataIn)
    USBD_CUSTOM_HID_DataOut                  0x08003075   Thumb Code    38  usbd_customhid.o(.text.USBD_CUSTOM_HID_DataOut)
    [Anonymous Symbol]                       0x08003074   Section        0  usbd_customhid.o(.text.USBD_CUSTOM_HID_DataOut)
    USBD_CUSTOM_HID_DeInit                   0x0800309d   Thumb Code    50  usbd_customhid.o(.text.USBD_CUSTOM_HID_DeInit)
    [Anonymous Symbol]                       0x0800309c   Section        0  usbd_customhid.o(.text.USBD_CUSTOM_HID_DeInit)
    USBD_CUSTOM_HID_EP0_RxReady              0x080030d1   Thumb Code    32  usbd_customhid.o(.text.USBD_CUSTOM_HID_EP0_RxReady)
    [Anonymous Symbol]                       0x080030d0   Section        0  usbd_customhid.o(.text.USBD_CUSTOM_HID_EP0_RxReady)
    USBD_CUSTOM_HID_GetCfgDesc               0x080030f1   Thumb Code    16  usbd_customhid.o(.text.USBD_CUSTOM_HID_GetCfgDesc)
    [Anonymous Symbol]                       0x080030f0   Section        0  usbd_customhid.o(.text.USBD_CUSTOM_HID_GetCfgDesc)
    USBD_CUSTOM_HID_GetDeviceQualifierDesc   0x08003101   Thumb Code    16  usbd_customhid.o(.text.USBD_CUSTOM_HID_GetDeviceQualifierDesc)
    [Anonymous Symbol]                       0x08003100   Section        0  usbd_customhid.o(.text.USBD_CUSTOM_HID_GetDeviceQualifierDesc)
    USBD_CUSTOM_HID_Init                     0x08003111   Thumb Code    72  usbd_customhid.o(.text.USBD_CUSTOM_HID_Init)
    [Anonymous Symbol]                       0x08003110   Section        0  usbd_customhid.o(.text.USBD_CUSTOM_HID_Init)
    [Anonymous Symbol]                       0x08003158   Section        0  usbd_customhid.o(.text.USBD_CUSTOM_HID_RegisterInterface)
    USBD_CUSTOM_HID_Setup                    0x08003169   Thumb Code   266  usbd_customhid.o(.text.USBD_CUSTOM_HID_Setup)
    [Anonymous Symbol]                       0x08003168   Section        0  usbd_customhid.o(.text.USBD_CUSTOM_HID_Setup)
    [Anonymous Symbol]                       0x08003274   Section        0  usbd_core.o(.text.USBD_ClrClassConfig)
    [Anonymous Symbol]                       0x08003284   Section        0  usbd_ioreq.o(.text.USBD_CtlContinueRx)
    [Anonymous Symbol]                       0x08003294   Section        0  usbd_ioreq.o(.text.USBD_CtlContinueSendData)
    [Anonymous Symbol]                       0x080032a4   Section        0  usbd_ctlreq.o(.text.USBD_CtlError)
    [Anonymous Symbol]                       0x080032b8   Section        0  usbd_ioreq.o(.text.USBD_CtlPrepareRx)
    [Anonymous Symbol]                       0x080032d4   Section        0  usbd_ioreq.o(.text.USBD_CtlReceiveStatus)
    [Anonymous Symbol]                       0x080032ec   Section        0  usbd_ioreq.o(.text.USBD_CtlSendData)
    [Anonymous Symbol]                       0x08003308   Section        0  usbd_ioreq.o(.text.USBD_CtlSendStatus)
    [Anonymous Symbol]                       0x08003320   Section        0  usbd_desc.o(.text.USBD_FS_ConfigStrDescriptor)
    [Anonymous Symbol]                       0x0800334c   Section        0  usbd_desc.o(.text.USBD_FS_DeviceDescriptor)
    [Anonymous Symbol]                       0x0800335c   Section        0  usbd_desc.o(.text.USBD_FS_InterfaceStrDescriptor)
    [Anonymous Symbol]                       0x0800338c   Section        0  usbd_desc.o(.text.USBD_FS_LangIDStrDescriptor)
    [Anonymous Symbol]                       0x0800339c   Section        0  usbd_desc.o(.text.USBD_FS_ManufacturerStrDescriptor)
    [Anonymous Symbol]                       0x080033c0   Section        0  usbd_desc.o(.text.USBD_FS_ProductStrDescriptor)
    [Anonymous Symbol]                       0x080033ec   Section        0  usbd_desc.o(.text.USBD_FS_SerialStrDescriptor)
    [Anonymous Symbol]                       0x08003414   Section        0  usbd_ctlreq.o(.text.USBD_GetString)
    [Anonymous Symbol]                       0x08003484   Section        0  usbd_core.o(.text.USBD_Init)
    [Anonymous Symbol]                       0x080034b4   Section        0  usbd_conf.o(.text.USBD_LL_ClearStallEP)
    [Anonymous Symbol]                       0x080034c4   Section        0  usbd_conf.o(.text.USBD_LL_CloseEP)
    [Anonymous Symbol]                       0x080034d4   Section        0  usbd_core.o(.text.USBD_LL_DataInStage)
    [Anonymous Symbol]                       0x08003578   Section        0  usbd_core.o(.text.USBD_LL_DataOutStage)
    [Anonymous Symbol]                       0x080035e0   Section        0  usbd_conf.o(.text.USBD_LL_Init)
    [Anonymous Symbol]                       0x08003658   Section        0  usbd_conf.o(.text.USBD_LL_IsStallEP)
    [Anonymous Symbol]                       0x08003674   Section        0  usbd_conf.o(.text.USBD_LL_OpenEP)
    [Anonymous Symbol]                       0x08003688   Section        0  usbd_conf.o(.text.USBD_LL_PrepareReceive)
    [Anonymous Symbol]                       0x08003698   Section        0  usbd_core.o(.text.USBD_LL_Reset)
    [Anonymous Symbol]                       0x080036d8   Section        0  usbd_core.o(.text.USBD_LL_Resume)
    [Anonymous Symbol]                       0x080036e8   Section        0  usbd_core.o(.text.USBD_LL_SOF)
    [Anonymous Symbol]                       0x08003704   Section        0  usbd_core.o(.text.USBD_LL_SetSpeed)
    [Anonymous Symbol]                       0x0800370c   Section        0  usbd_conf.o(.text.USBD_LL_SetUSBAddress)
    [Anonymous Symbol]                       0x0800371c   Section        0  usbd_core.o(.text.USBD_LL_SetupStage)
    [Anonymous Symbol]                       0x0800377c   Section        0  usbd_conf.o(.text.USBD_LL_StallEP)
    [Anonymous Symbol]                       0x0800378c   Section        0  usbd_conf.o(.text.USBD_LL_Start)
    [Anonymous Symbol]                       0x0800379c   Section        0  usbd_core.o(.text.USBD_LL_Suspend)
    [Anonymous Symbol]                       0x080037b0   Section        0  usbd_conf.o(.text.USBD_LL_Transmit)
    [Anonymous Symbol]                       0x080037c0   Section        0  usbd_ctlreq.o(.text.USBD_ParseSetupRequest)
    [Anonymous Symbol]                       0x080037d8   Section        0  usbd_core.o(.text.USBD_RegisterClass)
    [Anonymous Symbol]                       0x080037e8   Section        0  usbd_core.o(.text.USBD_SetClassConfig)
    [Anonymous Symbol]                       0x08003804   Section        0  usbd_core.o(.text.USBD_Start)
    [Anonymous Symbol]                       0x08003810   Section        0  usbd_ctlreq.o(.text.USBD_StdDevReq)
    [Anonymous Symbol]                       0x08003b5c   Section        0  usbd_ctlreq.o(.text.USBD_StdEPReq)
    [Anonymous Symbol]                       0x08003c50   Section        0  usbd_ctlreq.o(.text.USBD_StdItfReq)
    [Anonymous Symbol]                       0x08003cac   Section        0  usbd_conf.o(.text.USBD_static_free)
    [Anonymous Symbol]                       0x08003cb0   Section        0  usbd_conf.o(.text.USBD_static_malloc)
    [Anonymous Symbol]                       0x08003cbc   Section        0  stm32f1xx_ll_usb.o(.text.USB_ActivateEndpoint)
    [Anonymous Symbol]                       0x08003ee0   Section        0  stm32f1xx_ll_usb.o(.text.USB_CoreInit)
    [Anonymous Symbol]                       0x08003ee4   Section        0  stm32f1xx_ll_usb.o(.text.USB_DeactivateEndpoint)
    [Anonymous Symbol]                       0x08003fc4   Section        0  stm32f1xx_ll_usb.o(.text.USB_DevConnect)
    [Anonymous Symbol]                       0x08003fc8   Section        0  stm32f1xx_ll_usb.o(.text.USB_DevDisconnect)
    [Anonymous Symbol]                       0x08003fcc   Section        0  stm32f1xx_ll_usb.o(.text.USB_DevInit)
    [Anonymous Symbol]                       0x08003ff4   Section        0  stm32f1xx_ll_usb.o(.text.USB_DisableGlobalInt)
    [Anonymous Symbol]                       0x08004008   Section        0  stm32f1xx_ll_usb.o(.text.USB_EP0_OutStart)
    [Anonymous Symbol]                       0x0800400c   Section        0  stm32f1xx_ll_usb.o(.text.USB_EPClearStall)
    [Anonymous Symbol]                       0x08004078   Section        0  stm32f1xx_ll_usb.o(.text.USB_EPSetStall)
    [Anonymous Symbol]                       0x080040cc   Section        0  stm32f1xx_ll_usb.o(.text.USB_EPStartXfer)
    [Anonymous Symbol]                       0x08004398   Section        0  stm32f1xx_ll_usb.o(.text.USB_EnableGlobalInt)
    [Anonymous Symbol]                       0x080043ac   Section        0  stm32f1xx_it.o(.text.USB_LP_CAN1_RX0_IRQHandler)
    [Anonymous Symbol]                       0x080043bc   Section        0  stm32f1xx_ll_usb.o(.text.USB_ReadInterrupts)
    [Anonymous Symbol]                       0x080043c4   Section        0  stm32f1xx_ll_usb.o(.text.USB_ReadPMA)
    [Anonymous Symbol]                       0x080043e8   Section        0  stm32f1xx_ll_usb.o(.text.USB_SetCurrentMode)
    [Anonymous Symbol]                       0x080043ec   Section        0  stm32f1xx_ll_usb.o(.text.USB_SetDevAddress)
    [Anonymous Symbol]                       0x080043fc   Section        0  stm32f1xx_ll_usb.o(.text.USB_WritePMA)
    [Anonymous Symbol]                       0x08004420   Section        0  stm32f1xx_it.o(.text.UsageFault_Handler)
    [Anonymous Symbol]                       0x08004424   Section        0  main.o(.text.main)
    [Anonymous Symbol]                       0x080045e4   Section        0  ssd1306.o(.text.ssd1306_Fill)
    [Anonymous Symbol]                       0x08004604   Section        0  ssd1306.o(.text.ssd1306_Init)
    [Anonymous Symbol]                       0x080046fc   Section        0  ssd1306.o(.text.ssd1306_SetCursor)
    [Anonymous Symbol]                       0x0800470c   Section        0  ssd1306.o(.text.ssd1306_UpdateScreen)
    [Anonymous Symbol]                       0x08004780   Section        0  ssd1306.o(.text.ssd1306_WriteChar)
    [Anonymous Symbol]                       0x080048ac   Section        0  ssd1306.o(.text.ssd1306_WriteScreenBuffer)
    [Anonymous Symbol]                       0x080048c4   Section        0  ssd1306.o(.text.ssd1306_WriteString)
    .L__const.HAL_RCC_GetSysClockFreq.aPredivFactorTable 0x080048fa   Data           2  stm32f1xx_hal_rcc.o(.rodata..L__const.HAL_RCC_GetSysClockFreq.aPredivFactorTable)
    .Lswitch.table.CustomHID_FeatureReportLength 0x080048fc   Data          12  usbd_custom_hid_if.o(.rodata..Lswitch.table.CustomHID_FeatureReportLength)
    Font7x9_EN                               0x08004920   Data         855  fonts.o(.rodata.Font7x9_EN)
    [Anonymous Symbol]                       0x08004920   Section        0  fonts.o(.rodata.Font7x9_EN)
    Font7x9_RU                               0x08004c77   Data         576  fonts.o(.rodata.Font7x9_RU)
    [Anonymous Symbol]                       0x08004c77   Section        0  fonts.o(.rodata.Font7x9_RU)
    .L__const.HAL_RCC_GetSysClockFreq.aPLLMULFactorTable 0x08004eb7   Data          16  stm32f1xx_hal_rcc.o(.rodata.cst16)
    CUSTOM_HID_ReportDesc_FS                 0x20000000   Data          63  usbd_custom_hid_if.o(.data.CUSTOM_HID_ReportDesc_FS)
    [Anonymous Symbol]                       0x20000000   Section        0  usbd_custom_hid_if.o(.data.CUSTOM_HID_ReportDesc_FS)
    USBD_CUSTOM_HID_CfgDesc                  0x200000a8   Data          41  usbd_customhid.o(.data.USBD_CUSTOM_HID_CfgDesc)
    [Anonymous Symbol]                       0x200000a8   Section        0  usbd_customhid.o(.data.USBD_CUSTOM_HID_CfgDesc)
    USBD_CUSTOM_HID_Desc                     0x200000d4   Data           9  usbd_customhid.o(.data.USBD_CUSTOM_HID_Desc)
    [Anonymous Symbol]                       0x200000d4   Section        0  usbd_customhid.o(.data.USBD_CUSTOM_HID_Desc)
    USBD_CUSTOM_HID_DeviceQualifierDesc      0x200000e0   Data          10  usbd_customhid.o(.data.USBD_CUSTOM_HID_DeviceQualifierDesc)
    [Anonymous Symbol]                       0x200000e0   Section        0  usbd_customhid.o(.data.USBD_CUSTOM_HID_DeviceQualifierDesc)
    .bss                                     0x20000128   Section       96  libspace.o(.bss)
    SSD1306                                  0x20000190   Data          96  ssd1306.o(.bss.SSD1306)
    [Anonymous Symbol]                       0x20000190   Section        0  ssd1306.o(.bss.SSD1306)
    SSD1306_Buffer                           0x200001f0   Data        1024  ssd1306.o(.bss.SSD1306_Buffer)
    [Anonymous Symbol]                       0x200001f0   Section        0  ssd1306.o(.bss.SSD1306_Buffer)
    USBD_SetConfig.cfgidx                    0x200005f0   Data           1  usbd_ctlreq.o(.bss.USBD_SetConfig.cfgidx)
    [Anonymous Symbol]                       0x200005f0   Section        0  usbd_ctlreq.o(.bss.USBD_SetConfig.cfgidx)
    USBD_static_malloc.mem                   0x200007f4   Data          88  usbd_conf.o(.bss.USBD_static_malloc.mem)
    [Anonymous Symbol]                       0x200007f4   Section        0  usbd_conf.o(.bss.USBD_static_malloc.mem)
    Heap_Mem                                 0x20000fe0   Data        2048  startup_stm32f103xb.o(HEAP)
    HEAP                                     0x20000fe0   Section     2048  startup_stm32f103xb.o(HEAP)
    Stack_Mem                                0x200017e0   Data        2048  startup_stm32f103xb.o(STACK)
    STACK                                    0x200017e0   Section     2048  startup_stm32f103xb.o(STACK)
    __initial_sp                             0x20001fe0   Data           0  startup_stm32f103xb.o(STACK)

    Global Symbols

    Symbol Name                              Value     Ov Type        Size  Object(Section)

    BuildAttributes$$THM_ISAv4$P$D$K$B$S$PE$A:L22UL41UL21$X:L11$S22US41US21$IEEE1$IW$~IW$USESV6$~STKCKD$USESV7$~SHL$OTIME$ROPI$EBA8$UX$STANDARDLIB$REQ8$PRES8$EABIv2 0x00000000   Number         0  anon$$obj.o ABSOLUTE
    __fp_init_empty                          0x00000000   Number         0  fpinit_empty.o ABSOLUTE
    __ARM_exceptions_init                     - Undefined Weak Reference
    __alloca_initialize                       - Undefined Weak Reference
    __arm_preinit_                            - Undefined Weak Reference
    __arm_relocate_pie_                       - Undefined Weak Reference
    __cpp_initialize__aeabi_                  - Undefined Weak Reference
    __cxa_finalize                            - Undefined Weak Reference
    __rt_locale                               - Undefined Weak Reference
    __sigvec_lookup                           - Undefined Weak Reference
    _atexit_init                              - Undefined Weak Reference
    _call_atexit_fns                          - Undefined Weak Reference
    _clock_init                               - Undefined Weak Reference
    _fp_trap_init                             - Undefined Weak Reference
    _fp_trap_shutdown                         - Undefined Weak Reference
    _get_lc_collate                           - Undefined Weak Reference
    _get_lc_ctype                             - Undefined Weak Reference
    _get_lc_monetary                          - Undefined Weak Reference
    _get_lc_numeric                           - Undefined Weak Reference
    _get_lc_time                              - Undefined Weak Reference
    _getenv_init                              - Undefined Weak Reference
    _handle_redirection                       - Undefined Weak Reference
    _init_alloc                               - Undefined Weak Reference
    _init_user_alloc                          - Undefined Weak Reference
    _initio                                   - Undefined Weak Reference
    _rand_init                                - Undefined Weak Reference
    _signal_finish                            - Undefined Weak Reference
    _signal_init                              - Undefined Weak Reference
    _terminate_alloc                          - Undefined Weak Reference
    _terminate_user_alloc                     - Undefined Weak Reference
    _terminateio                              - Undefined Weak Reference
    __Vectors_Size                           0x000000ec   Number         0  startup_stm32f103xb.o ABSOLUTE
    __Vectors                                0x08000000   Data           4  startup_stm32f103xb.o(RESET)
    __Vectors_End                            0x080000ec   Data           0  startup_stm32f103xb.o(RESET)
    __main                                   0x080000ed   Thumb Code     8  __main.o(!!!main)
    __scatterload                            0x080000f5   Thumb Code     0  __scatter.o(!!!scatter)
    __scatterload_rt2                        0x080000f5   Thumb Code    44  __scatter.o(!!!scatter)
    __scatterload_rt2_thumb_only             0x080000f5   Thumb Code     0  __scatter.o(!!!scatter)
    __scatterload_null                       0x08000103   Thumb Code     0  __scatter.o(!!!scatter)
    __scatterload_copy                       0x08000129   Thumb Code    26  __scatter_copy.o(!!handler_copy)
    __scatterload_zeroinit                   0x08000145   Thumb Code    28  __scatter_zi.o(!!handler_zi)
    __rt_lib_init                            0x08000161   Thumb Code     0  libinit.o(.ARM.Collect$$libinit$$00000000)
    __rt_lib_init_alloca_1                   0x08000163   Thumb Code     0  libinit2.o(.ARM.Collect$$libinit$$00000030)
    __rt_lib_init_argv_1                     0x08000163   Thumb Code     0  libinit2.o(.ARM.Collect$$libinit$$0000002E)
    __rt_lib_init_atexit_1                   0x08000163   Thumb Code     0  libinit2.o(.ARM.Collect$$libinit$$0000001D)
    __rt_lib_init_clock_1                    0x08000163   Thumb Code     0  libinit2.o(.ARM.Collect$$libinit$$00000023)
    __rt_lib_init_cpp_1                      0x08000163   Thumb Code     0  libinit2.o(.ARM.Collect$$libinit$$00000034)
    __rt_lib_init_exceptions_1               0x08000163   Thumb Code     0  libinit2.o(.ARM.Collect$$libinit$$00000032)
    __rt_lib_init_fp_1                       0x08000163   Thumb Code     0  libinit2.o(.ARM.Collect$$libinit$$00000002)
    __rt_lib_init_fp_trap_1                  0x08000163   Thumb Code     0  libinit2.o(.ARM.Collect$$libinit$$00000021)
    __rt_lib_init_getenv_1                   0x08000163   Thumb Code     0  libinit2.o(.ARM.Collect$$libinit$$00000025)
    __rt_lib_init_heap_1                     0x08000163   Thumb Code     0  libinit2.o(.ARM.Collect$$libinit$$0000000C)
    __rt_lib_init_lc_collate_1               0x08000163   Thumb Code     0  libinit2.o(.ARM.Collect$$libinit$$00000013)
    __rt_lib_init_lc_ctype_1                 0x08000163   Thumb Code     0  libinit2.o(.ARM.Collect$$libinit$$00000015)
    __rt_lib_init_lc_monetary_1              0x08000163   Thumb Code     0  libinit2.o(.ARM.Collect$$libinit$$00000017)
    __rt_lib_init_lc_numeric_1               0x08000163   Thumb Code     0  libinit2.o(.ARM.Collect$$libinit$$00000019)
    __rt_lib_init_lc_time_1                  0x08000163   Thumb Code     0  libinit2.o(.ARM.Collect$$libinit$$0000001B)
    __rt_lib_init_preinit_1                  0x08000163   Thumb Code     0  libinit2.o(.ARM.Collect$$libinit$$00000006)
    __rt_lib_init_rand_1                     0x08000163   Thumb Code     0  libinit2.o(.ARM.Collect$$libinit$$00000010)
    __rt_lib_init_relocate_pie_1             0x08000163   Thumb Code     0  libinit2.o(.ARM.Collect$$libinit$$00000004)
    __rt_lib_init_return                     0x08000163   Thumb Code     0  libinit2.o(.ARM.Collect$$libinit$$00000035)
    __rt_lib_init_signal_1                   0x08000163   Thumb Code     0  libinit2.o(.ARM.Collect$$libinit$$0000001F)
    __rt_lib_init_stdio_1                    0x08000163   Thumb Code     0  libinit2.o(.ARM.Collect$$libinit$$00000027)
    __rt_lib_init_user_alloc_1               0x08000163   Thumb Code     0  libinit2.o(.ARM.Collect$$libinit$$0000000E)
    __rt_lib_shutdown                        0x08000165   Thumb Code     0  libshutdown.o(.ARM.Collect$$libshutdown$$00000000)
    __rt_lib_shutdown_cpp_1                  0x08000167   Thumb Code     0  libshutdown2.o(.ARM.Collect$$libshutdown$$00000002)
    __rt_lib_shutdown_fp_trap_1              0x08000167   Thumb Code     0  libshutdown2.o(.ARM.Collect$$libshutdown$$00000007)
    __rt_lib_shutdown_heap_1                 0x08000167   Thumb Code     0  libshutdown2.o(.ARM.Collect$$libshutdown$$0000000F)
    __rt_lib_shutdown_return                 0x08000167   Thumb Code     0  libshutdown2.o(.ARM.Collect$$libshutdown$$00000010)
    __rt_lib_shutdown_signal_1               0x08000167   Thumb Code     0  libshutdown2.o(.ARM.Collect$$libshutdown$$0000000A)
    __rt_lib_shutdown_stdio_1                0x08000167   Thumb Code     0  libshutdown2.o(.ARM.Collect$$libshutdown$$00000004)
    __rt_lib_shutdown_user_alloc_1           0x08000167   Thumb Code     0  libshutdown2.o(.ARM.Collect$$libshutdown$$0000000C)
    __rt_entry                               0x08000169   Thumb Code     0  __rtentry.o(.ARM.Collect$$rtentry$$00000000)
    __rt_entry_presh_1                       0x08000169   Thumb Code     0  __rtentry2.o(.ARM.Collect$$rtentry$$00000002)
    __rt_entry_sh                            0x08000169   Thumb Code     0  __rtentry4.o(.ARM.Collect$$rtentry$$00000004)
    __rt_entry_li                            0x0800016f   Thumb Code     0  __rtentry2.o(.ARM.Collect$$rtentry$$0000000A)
    __rt_entry_postsh_1                      0x0800016f   Thumb Code     0  __rtentry2.o(.ARM.Collect$$rtentry$$00000009)
    __rt_entry_main                          0x08000173   Thumb Code     0  __rtentry2.o(.ARM.Collect$$rtentry$$0000000D)
    __rt_entry_postli_1                      0x08000173   Thumb Code     0  __rtentry2.o(.ARM.Collect$$rtentry$$0000000C)
    __rt_exit                                0x0800017b   Thumb Code     0  rtexit.o(.ARM.Collect$$rtexit$$00000000)
    __rt_exit_ls                             0x0800017d   Thumb Code     0  rtexit2.o(.ARM.Collect$$rtexit$$00000003)
    __rt_exit_prels_1                        0x0800017d   Thumb Code     0  rtexit2.o(.ARM.Collect$$rtexit$$00000002)
    __rt_exit_exit                           0x08000181   Thumb Code     0  rtexit2.o(.ARM.Collect$$rtexit$$00000004)
    Reset_Handler                            0x08000189   Thumb Code     8  startup_stm32f103xb.o(.text)
    ADC1_2_IRQHandler                        0x080001a3   Thumb Code     0  startup_stm32f103xb.o(.text)
    CAN1_RX1_IRQHandler                      0x080001a3   Thumb Code     0  startup_stm32f103xb.o(.text)
    CAN1_SCE_IRQHandler                      0x080001a3   Thumb Code     0  startup_stm32f103xb.o(.text)
    DMA1_Channel1_IRQHandler                 0x080001a3   Thumb Code     0  startup_stm32f103xb.o(.text)
    DMA1_Channel2_IRQHandler                 0x080001a3   Thumb Code     0  startup_stm32f103xb.o(.text)
    DMA1_Channel3_IRQHandler                 0x080001a3   Thumb Code     0  startup_stm32f103xb.o(.text)
    DMA1_Channel4_IRQHandler                 0x080001a3   Thumb Code     0  startup_stm32f103xb.o(.text)
    DMA1_Channel5_IRQHandler                 0x080001a3   Thumb Code     0  startup_stm32f103xb.o(.text)
    DMA1_Channel6_IRQHandler                 0x080001a3   Thumb Code     0  startup_stm32f103xb.o(.text)
    DMA1_Channel7_IRQHandler                 0x080001a3   Thumb Code     0  startup_stm32f103xb.o(.text)
    EXTI0_IRQHandler                         0x080001a3   Thumb Code     0  startup_stm32f103xb.o(.text)
    EXTI15_10_IRQHandler                     0x080001a3   Thumb Code     0  startup_stm32f103xb.o(.text)
    EXTI1_IRQHandler                         0x080001a3   Thumb Code     0  startup_stm32f103xb.o(.text)
    EXTI2_IRQHandler                         0x080001a3   Thumb Code     0  startup_stm32f103xb.o(.text)
    EXTI3_IRQHandler                         0x080001a3   Thumb Code     0  startup_stm32f103xb.o(.text)
    EXTI4_IRQHandler                         0x080001a3   Thumb Code     0  startup_stm32f103xb.o(.text)
    EXTI9_5_IRQHandler                       0x080001a3   Thumb Code     0  startup_stm32f103xb.o(.text)
    FLASH_IRQHandler                         0x080001a3   Thumb Code     0  startup_stm32f103xb.o(.text)
    I2C1_ER_IRQHandler                       0x080001a3   Thumb Code     0  startup_stm32f103xb.o(.text)
    I2C1_EV_IRQHandler                       0x080001a3   Thumb Code     0  startup_stm32f103xb.o(.text)
    I2C2_ER_IRQHandler                       0x080001a3   Thumb Code     0  startup_stm32f103xb.o(.text)
    I2C2_EV_IRQHandler                       0x080001a3   Thumb Code     0  startup_stm32f103xb.o(.text)
    PVD_IRQHandler                           0x080001a3   Thumb Code     0  startup_stm32f103xb.o(.text)
    RCC_IRQHandler                           0x080001a3   Thumb Code     0  startup_stm32f103xb.o(.text)
    RTC_Alarm_IRQHandler                     0x080001a3   Thumb Code     0  startup_stm32f103xb.o(.text)
    RTC_IRQHandler                           0x080001a3   Thumb Code     0  startup_stm32f103xb.o(.text)
    SPI1_IRQHandler                          0x080001a3   Thumb Code     0  startup_stm32f103xb.o(.text)
    SPI2_IRQHandler                          0x080001a3   Thumb Code     0  startup_stm32f103xb.o(.text)
    TAMPER_IRQHandler                        0x080001a3   Thumb Code     0  startup_stm32f103xb.o(.text)
    TIM1_BRK_IRQHandler                      0x080001a3   Thumb Code     0  startup_stm32f103xb.o(.text)
    TIM1_CC_IRQHandler                       0x080001a3   Thumb Code     0  startup_stm32f103xb.o(.text)
    TIM1_TRG_COM_IRQHandler                  0x080001a3   Thumb Code     0  startup_stm32f103xb.o(.text)
    TIM1_UP_IRQHandler                       0x080001a3   Thumb Code     0  startup_stm32f103xb.o(.text)
    TIM3_IRQHandler                          0x080001a3   Thumb Code     0  startup_stm32f103xb.o(.text)
    TIM4_IRQHandler                          0x080001a3   Thumb Code     0  startup_stm32f103xb.o(.text)
    USART1_IRQHandler                        0x080001a3   Thumb Code     0  startup_stm32f103xb.o(.text)
    USART2_IRQHandler                        0x080001a3   Thumb Code     0  startup_stm32f103xb.o(.text)
    USART3_IRQHandler                        0x080001a3   Thumb Code     0  startup_stm32f103xb.o(.text)
    USBWakeUp_IRQHandler                     0x080001a3   Thumb Code     0  startup_stm32f103xb.o(.text)
    USB_HP_CAN1_TX_IRQHandler                0x080001a3   Thumb Code     0  startup_stm32f103xb.o(.text)
    WWDG_IRQHandler                          0x080001a3   Thumb Code     0  startup_stm32f103xb.o(.text)
    __user_initial_stackheap                 0x080001a5   Thumb Code     0  startup_stm32f103xb.o(.text)
    __aeabi_memcpy                           0x080001c9   Thumb Code     0  rt_memcpy_v6.o(.text)
    __rt_memcpy                              0x080001c9   Thumb Code   138  rt_memcpy_v6.o(.text)
    _memcpy_lastbytes                        0x0800022f   Thumb Code     0  rt_memcpy_v6.o(.text)
    __aeabi_memcpy4                          0x08000253   Thumb Code     0  rt_memcpy_w.o(.text)
    __aeabi_memcpy8                          0x08000253   Thumb Code     0  rt_memcpy_w.o(.text)
    __rt_memcpy_w                            0x08000253   Thumb Code   100  rt_memcpy_w.o(.text)
    _memcpy_lastbytes_aligned                0x0800029b   Thumb Code     0  rt_memcpy_w.o(.text)
    __aeabi_memset4                          0x080002b7   Thumb Code    16  aeabi_memset4.o(.text)
    __aeabi_memset8                          0x080002b7   Thumb Code     0  aeabi_memset4.o(.text)
    __aeabi_memclr4                          0x080002c7   Thumb Code     0  rt_memclr_w.o(.text)
    __aeabi_memclr8                          0x080002c7   Thumb Code     0  rt_memclr_w.o(.text)
    __rt_memclr_w                            0x080002c7   Thumb Code     0  rt_memclr_w.o(.text)
    _memset_w                                0x080002cb   Thumb Code    74  rt_memclr_w.o(.text)
    __use_two_region_memory                  0x08000315   Thumb Code     2  heapauxi.o(.text)
    __rt_heap_escrow$2region                 0x08000317   Thumb Code     2  heapauxi.o(.text)
    __rt_heap_expand$2region                 0x08000319   Thumb Code     2  heapauxi.o(.text)
    __user_setup_stackheap                   0x0800031b   Thumb Code    74  sys_stackheap_outer.o(.text)
    exit                                     0x08000365   Thumb Code    18  exit.o(.text)
    __user_libspace                          0x08000379   Thumb Code     8  libspace.o(.text)
    __user_perproc_libspace                  0x08000379   Thumb Code     0  libspace.o(.text)
    __user_perthread_libspace                0x08000379   Thumb Code     0  libspace.o(.text)
    _sys_exit                                0x08000381   Thumb Code     8  sys_exit.o(.text)
    __I$use$semihosting                      0x0800038d   Thumb Code     0  use_no_semi.o(.text)
    __use_no_semihosting_swi                 0x0800038d   Thumb Code     2  use_no_semi.o(.text)
    __semihosting_library_function           0x0800038f   Thumb Code     0  indicate_semi.o(.text)
    ADC_V                                    0x08000391   Thumb Code    66  main.o(.text.ADC_V)
    BusFault_Handler                         0x080003d5   Thumb Code     2  stm32f1xx_it.o(.text.BusFault_Handler)
    DebugMon_Handler                         0x080004d5   Thumb Code     2  stm32f1xx_it.o(.text.DebugMon_Handler)
    Error_Handler                            0x080004d9   Thumb Code     4  main.o(.text.Error_Handler)
    HAL_ADC_ConfigChannel                    0x080004dd   Thumb Code   270  stm32f1xx_hal_adc.o(.text.HAL_ADC_ConfigChannel)
    HAL_ADC_GetValue                         0x080005ed   Thumb Code     6  stm32f1xx_hal_adc.o(.text.HAL_ADC_GetValue)
    HAL_ADC_Init                             0x080005f5   Thumb Code   336  stm32f1xx_hal_adc.o(.text.HAL_ADC_Init)
    HAL_ADC_MspInit                          0x08000745   Thumb Code   102  stm32f1xx_hal_msp.o(.text.HAL_ADC_MspInit)
    HAL_ADC_PollForConversion                0x080007ad   Thumb Code   372  stm32f1xx_hal_adc.o(.text.HAL_ADC_PollForConversion)
    HAL_ADC_Start                            0x08000921   Thumb Code   338  stm32f1xx_hal_adc.o(.text.HAL_ADC_Start)
    HAL_ADC_Stop                             0x08000a75   Thumb Code   120  stm32f1xx_hal_adc.o(.text.HAL_ADC_Stop)
    HAL_Delay                                0x08000aed   Thumb Code    40  stm32f1xx_hal.o(.text.HAL_Delay)
    HAL_GPIO_Init                            0x08000b15   Thumb Code   502  stm32f1xx_hal_gpio.o(.text.HAL_GPIO_Init)
    HAL_GPIO_ReadPin                         0x08000d0d   Thumb Code    10  stm32f1xx_hal_gpio.o(.text.HAL_GPIO_ReadPin)
    HAL_GetTick                              0x08000d19   Thumb Code    12  stm32f1xx_hal.o(.text.HAL_GetTick)
    HAL_I2C_Init                             0x08000d25   Thumb Code   334  stm32f1xx_hal_i2c.o(.text.HAL_I2C_Init)
    HAL_I2C_Mem_Write                        0x08000e75   Thumb Code   426  stm32f1xx_hal_i2c.o(.text.HAL_I2C_Mem_Write)
    HAL_I2C_MspInit                          0x08001021   Thumb Code    98  stm32f1xx_hal_msp.o(.text.HAL_I2C_MspInit)
    HAL_IncTick                              0x08001085   Thumb Code    26  stm32f1xx_hal.o(.text.HAL_IncTick)
    HAL_Init                                 0x080010a1   Thumb Code    38  stm32f1xx_hal.o(.text.HAL_Init)
    HAL_InitTick                             0x080010c9   Thumb Code    80  stm32f1xx_hal.o(.text.HAL_InitTick)
    HAL_MspInit                              0x08001119   Thumb Code    74  stm32f1xx_hal_msp.o(.text.HAL_MspInit)
    HAL_NVIC_EnableIRQ                       0x08001165   Thumb Code    26  stm32f1xx_hal_cortex.o(.text.HAL_NVIC_EnableIRQ)
    HAL_NVIC_SetPriority                     0x08001181   Thumb Code    86  stm32f1xx_hal_cortex.o(.text.HAL_NVIC_SetPriority)
    HAL_NVIC_SetPriorityGrouping             0x080011d9   Thumb Code    32  stm32f1xx_hal_cortex.o(.text.HAL_NVIC_SetPriorityGrouping)
    HAL_PCDEx_PMAConfig                      0x080011f9   Thumb Code    60  stm32f1xx_hal_pcd_ex.o(.text.HAL_PCDEx_PMAConfig)
    HAL_PCDEx_SetConnectionState             0x08001235   Thumb Code     2  usbd_conf.o(.text.HAL_PCDEx_SetConnectionState)
    HAL_PCD_DataInStageCallback              0x08001239   Thumb Code    20  usbd_conf.o(.text.HAL_PCD_DataInStageCallback)
    HAL_PCD_DataOutStageCallback             0x0800124d   Thumb Code    22  usbd_conf.o(.text.HAL_PCD_DataOutStageCallback)
    HAL_PCD_EP_Close                         0x08001265   Thumb Code    64  stm32f1xx_hal_pcd.o(.text.HAL_PCD_EP_Close)
    HAL_PCD_EP_ClrStall                      0x080012a5   Thumb Code    70  stm32f1xx_hal_pcd.o(.text.HAL_PCD_EP_ClrStall)
    HAL_PCD_EP_Open                          0x080012ed   Thumb Code    74  stm32f1xx_hal_pcd.o(.text.HAL_PCD_EP_Open)
    HAL_PCD_EP_Receive                       0x08001339   Thumb Code    46  stm32f1xx_hal_pcd.o(.text.HAL_PCD_EP_Receive)
    HAL_PCD_EP_SetStall                      0x08001369   Thumb Code    82  stm32f1xx_hal_pcd.o(.text.HAL_PCD_EP_SetStall)
    HAL_PCD_EP_Transmit                      0x080013bd   Thumb Code    40  stm32f1xx_hal_pcd.o(.text.HAL_PCD_EP_Transmit)
    HAL_PCD_IRQHandler                       0x080013e5   Thumb Code  1228  stm32f1xx_hal_pcd.o(.text.HAL_PCD_IRQHandler)
    HAL_PCD_Init                             0x080018b1   Thumb Code   206  stm32f1xx_hal_pcd.o(.text.HAL_PCD_Init)
    HAL_PCD_MspInit                          0x08001981   Thumb Code    68  usbd_conf.o(.text.HAL_PCD_MspInit)
    HAL_PCD_ResetCallback                    0x080019c5   Thumb Code    24  usbd_conf.o(.text.HAL_PCD_ResetCallback)
    HAL_PCD_ResumeCallback                   0x080019dd   Thumb Code    24  usbd_conf.o(.text.HAL_PCD_ResumeCallback)
    HAL_PCD_SOFCallback                      0x080019f5   Thumb Code    12  usbd_conf.o(.text.HAL_PCD_SOFCallback)
    HAL_PCD_SetAddress                       0x08001a01   Thumb Code    40  stm32f1xx_hal_pcd.o(.text.HAL_PCD_SetAddress)
    HAL_PCD_SetupStageCallback               0x08001a29   Thumb Code    18  usbd_conf.o(.text.HAL_PCD_SetupStageCallback)
    HAL_PCD_Start                            0x08001a3d   Thumb Code    50  stm32f1xx_hal_pcd.o(.text.HAL_PCD_Start)
    HAL_PCD_SuspendCallback                  0x08001a71   Thumb Code    38  usbd_conf.o(.text.HAL_PCD_SuspendCallback)
    HAL_RCCEx_GetPeriphCLKFreq               0x08001a99   Thumb Code   220  stm32f1xx_hal_rcc_ex.o(.text.HAL_RCCEx_GetPeriphCLKFreq)
    HAL_RCCEx_PeriphCLKConfig                0x08001b89   Thumb Code   262  stm32f1xx_hal_rcc_ex.o(.text.HAL_RCCEx_PeriphCLKConfig)
    HAL_RCC_ClockConfig                      0x08001c91   Thumb Code   434  stm32f1xx_hal_rcc.o(.text.HAL_RCC_ClockConfig)
    HAL_RCC_GetHCLKFreq                      0x08001e45   Thumb Code    12  stm32f1xx_hal_rcc.o(.text.HAL_RCC_GetHCLKFreq)
    HAL_RCC_GetPCLK1Freq                     0x08001e51   Thumb Code    38  stm32f1xx_hal_rcc.o(.text.HAL_RCC_GetPCLK1Freq)
    HAL_RCC_GetPCLK2Freq                     0x08001e79   Thumb Code    38  stm32f1xx_hal_rcc.o(.text.HAL_RCC_GetPCLK2Freq)
    HAL_RCC_OscConfig                        0x08001ea1   Thumb Code   782  stm32f1xx_hal_rcc.o(.text.HAL_RCC_OscConfig)
    HAL_SYSTICK_CLKSourceConfig              0x080021b1   Thumb Code    24  stm32f1xx_hal_cortex.o(.text.HAL_SYSTICK_CLKSourceConfig)
    HAL_SYSTICK_Config                       0x080021c9   Thumb Code    44  stm32f1xx_hal_cortex.o(.text.HAL_SYSTICK_Config)
    HAL_TIMEx_BreakCallback                  0x080021f5   Thumb Code     2  stm32f1xx_hal_tim_ex.o(.text.HAL_TIMEx_BreakCallback)
    HAL_TIMEx_CommutationCallback            0x080021f9   Thumb Code     2  stm32f1xx_hal_tim_ex.o(.text.HAL_TIMEx_CommutationCallback)
    HAL_TIMEx_ConfigBreakDeadTime            0x080021fd   Thumb Code    76  stm32f1xx_hal_tim_ex.o(.text.HAL_TIMEx_ConfigBreakDeadTime)
    HAL_TIMEx_MasterConfigSynchronization    0x08002249   Thumb Code    70  stm32f1xx_hal_tim_ex.o(.text.HAL_TIMEx_MasterConfigSynchronization)
    HAL_TIM_Base_Init                        0x08002291   Thumb Code   180  stm32f1xx_hal_tim.o(.text.HAL_TIM_Base_Init)
    HAL_TIM_Base_MspInit                     0x08002345   Thumb Code   168  stm32f1xx_hal_msp.o(.text.HAL_TIM_Base_MspInit)
    HAL_TIM_Base_Start                       0x080023ed   Thumb Code    28  stm32f1xx_hal_tim.o(.text.HAL_TIM_Base_Start)
    HAL_TIM_Base_Start_IT                    0x08002409   Thumb Code    22  stm32f1xx_hal_tim.o(.text.HAL_TIM_Base_Start_IT)
    HAL_TIM_ConfigClockSource                0x08002421   Thumb Code   462  stm32f1xx_hal_tim.o(.text.HAL_TIM_ConfigClockSource)
    HAL_TIM_IC_CaptureCallback               0x080025f1   Thumb Code     2  stm32f1xx_hal_tim.o(.text.HAL_TIM_IC_CaptureCallback)
    HAL_TIM_IRQHandler                       0x080025f5   Thumb Code   362  stm32f1xx_hal_tim.o(.text.HAL_TIM_IRQHandler)
    HAL_TIM_MspPostInit                      0x08002761   Thumb Code    88  stm32f1xx_hal_msp.o(.text.HAL_TIM_MspPostInit)
    HAL_TIM_OC_DelayElapsedCallback          0x080027b9   Thumb Code     2  stm32f1xx_hal_tim.o(.text.HAL_TIM_OC_DelayElapsedCallback)
    HAL_TIM_PWM_ConfigChannel                0x080027bd   Thumb Code   514  stm32f1xx_hal_tim.o(.text.HAL_TIM_PWM_ConfigChannel)
    HAL_TIM_PWM_Init                         0x080029c1   Thumb Code   180  stm32f1xx_hal_tim.o(.text.HAL_TIM_PWM_Init)
    HAL_TIM_PWM_MspInit                      0x08002a75   Thumb Code     2  stm32f1xx_hal_tim.o(.text.HAL_TIM_PWM_MspInit)
    HAL_TIM_PWM_PulseFinishedCallback        0x08002a79   Thumb Code     2  stm32f1xx_hal_tim.o(.text.HAL_TIM_PWM_PulseFinishedCallback)
    HAL_TIM_PWM_Start                        0x08002a7d   Thumb Code    58  stm32f1xx_hal_tim.o(.text.HAL_TIM_PWM_Start)
    HAL_TIM_PeriodElapsedCallback            0x08002ab9   Thumb Code     2  stm32f1xx_hal_tim.o(.text.HAL_TIM_PeriodElapsedCallback)
    HAL_TIM_TriggerCallback                  0x08002abd   Thumb Code     2  stm32f1xx_hal_tim.o(.text.HAL_TIM_TriggerCallback)
    HardFault_Handler                        0x08002ac1   Thumb Code     2  stm32f1xx_it.o(.text.HardFault_Handler)
    MX_GPIO_Init                             0x08002d09   Thumb Code   208  main.o(.text.MX_GPIO_Init)
    MX_TIM1_Init                             0x08002dd9   Thumb Code   312  main.o(.text.MX_TIM1_Init)
    MX_USB_DEVICE_Init                       0x08002f11   Thumb Code    62  usb_device.o(.text.MX_USB_DEVICE_Init)
    MemManage_Handler                        0x08002f51   Thumb Code     2  stm32f1xx_it.o(.text.MemManage_Handler)
    NMI_Handler                              0x08002f55   Thumb Code     2  stm32f1xx_it.o(.text.NMI_Handler)
    PendSV_Handler                           0x08002f59   Thumb Code     2  stm32f1xx_it.o(.text.PendSV_Handler)
    RGB_POWER                                0x08002f5d   Thumb Code    16  main.o(.text.RGB_POWER)
    SVC_Handler                              0x08002f6d   Thumb Code     2  stm32f1xx_it.o(.text.SVC_Handler)
    SysTick_Handler                          0x08002f71   Thumb Code     8  stm32f1xx_it.o(.text.SysTick_Handler)
    SystemClock_Config                       0x08002f79   Thumb Code   140  main.o(.text.SystemClock_Config)
    SystemInit                               0x08003005   Thumb Code    80  system_stm32f1xx.o(.text.SystemInit)
    TIM2_IRQHandler                          0x08003055   Thumb Code    16  main.o(.text.TIM2_IRQHandler)
    USBD_CUSTOM_HID_RegisterInterface        0x08003159   Thumb Code    14  usbd_customhid.o(.text.USBD_CUSTOM_HID_RegisterInterface)
    USBD_ClrClassConfig                      0x08003275   Thumb Code    14  usbd_core.o(.text.USBD_ClrClassConfig)
    USBD_CtlContinueRx                       0x08003285   Thumb Code    16  usbd_ioreq.o(.text.USBD_CtlContinueRx)
    USBD_CtlContinueSendData                 0x08003295   Thumb Code    16  usbd_ioreq.o(.text.USBD_CtlContinueSendData)
    USBD_CtlError                            0x080032a5   Thumb Code    20  usbd_ctlreq.o(.text.USBD_CtlError)
    USBD_CtlPrepareRx                        0x080032b9   Thumb Code    26  usbd_ioreq.o(.text.USBD_CtlPrepareRx)
    USBD_CtlReceiveStatus                    0x080032d5   Thumb Code    22  usbd_ioreq.o(.text.USBD_CtlReceiveStatus)
    USBD_CtlSendData                         0x080032ed   Thumb Code    26  usbd_ioreq.o(.text.USBD_CtlSendData)
    USBD_CtlSendStatus                       0x08003309   Thumb Code    22  usbd_ioreq.o(.text.USBD_CtlSendStatus)
    USBD_FS_ConfigStrDescriptor              0x08003321   Thumb Code    24  usbd_desc.o(.text.USBD_FS_ConfigStrDescriptor)
    USBD_FS_DeviceDescriptor                 0x0800334d   Thumb Code    14  usbd_desc.o(.text.USBD_FS_DeviceDescriptor)
    USBD_FS_InterfaceStrDescriptor           0x0800335d   Thumb Code    24  usbd_desc.o(.text.USBD_FS_InterfaceStrDescriptor)
    USBD_FS_LangIDStrDescriptor              0x0800338d   Thumb Code    14  usbd_desc.o(.text.USBD_FS_LangIDStrDescriptor)
    USBD_FS_ManufacturerStrDescriptor        0x0800339d   Thumb Code    24  usbd_desc.o(.text.USBD_FS_ManufacturerStrDescriptor)
    USBD_FS_ProductStrDescriptor             0x080033c1   Thumb Code    24  usbd_desc.o(.text.USBD_FS_ProductStrDescriptor)
    USBD_FS_SerialStrDescriptor              0x080033ed   Thumb Code    24  usbd_desc.o(.text.USBD_FS_SerialStrDescriptor)
    USBD_GetString                           0x08003415   Thumb Code   112  usbd_ctlreq.o(.text.USBD_GetString)
    USBD_Init                                0x08003485   Thumb Code    48  usbd_core.o(.text.USBD_Init)
    USBD_LL_ClearStallEP                     0x080034b5   Thumb Code    14  usbd_conf.o(.text.USBD_LL_ClearStallEP)
    USBD_LL_CloseEP                          0x080034c5   Thumb Code    14  usbd_conf.o(.text.USBD_LL_CloseEP)
    USBD_LL_DataInStage                      0x080034d5   Thumb Code   162  usbd_core.o(.text.USBD_LL_DataInStage)
    USBD_LL_DataOutStage                     0x08003579   Thumb Code   104  usbd_core.o(.text.USBD_LL_DataOutStage)
    USBD_LL_Init                             0x080035e1   Thumb Code   120  usbd_conf.o(.text.USBD_LL_Init)
    USBD_LL_IsStallEP                        0x08003659   Thumb Code    28  usbd_conf.o(.text.USBD_LL_IsStallEP)
    USBD_LL_OpenEP                           0x08003675   Thumb Code    20  usbd_conf.o(.text.USBD_LL_OpenEP)
    USBD_LL_PrepareReceive                   0x08003689   Thumb Code    14  usbd_conf.o(.text.USBD_LL_PrepareReceive)
    USBD_LL_Reset                            0x08003699   Thumb Code    62  usbd_core.o(.text.USBD_LL_Reset)
    USBD_LL_Resume                           0x080036d9   Thumb Code    14  usbd_core.o(.text.USBD_LL_Resume)
    USBD_LL_SOF                              0x080036e9   Thumb Code    26  usbd_core.o(.text.USBD_LL_SOF)
    USBD_LL_SetSpeed                         0x08003705   Thumb Code     8  usbd_core.o(.text.USBD_LL_SetSpeed)
    USBD_LL_SetUSBAddress                    0x0800370d   Thumb Code    14  usbd_conf.o(.text.USBD_LL_SetUSBAddress)
    USBD_LL_SetupStage                       0x0800371d   Thumb Code    96  usbd_core.o(.text.USBD_LL_SetupStage)
    USBD_LL_StallEP                          0x0800377d   Thumb Code    14  usbd_conf.o(.text.USBD_LL_StallEP)
    USBD_LL_Start                            0x0800378d   Thumb Code    14  usbd_conf.o(.text.USBD_LL_Start)
    USBD_LL_Suspend                          0x0800379d   Thumb Code    20  usbd_core.o(.text.USBD_LL_Suspend)
    USBD_LL_Transmit                         0x080037b1   Thumb Code    14  usbd_conf.o(.text.USBD_LL_Transmit)
    USBD_ParseSetupRequest                   0x080037c1   Thumb Code    22  usbd_ctlreq.o(.text.USBD_ParseSetupRequest)
    USBD_RegisterClass                       0x080037d9   Thumb Code    14  usbd_core.o(.text.USBD_RegisterClass)
    USBD_SetClassConfig                      0x080037e9   Thumb Code    26  usbd_core.o(.text.USBD_SetClassConfig)
    USBD_Start                               0x08003805   Thumb Code    10  usbd_core.o(.text.USBD_Start)
    USBD_StdDevReq                           0x08003811   Thumb Code   844  usbd_ctlreq.o(.text.USBD_StdDevReq)
    USBD_StdEPReq                            0x08003b5d   Thumb Code   242  usbd_ctlreq.o(.text.USBD_StdEPReq)
    USBD_StdItfReq                           0x08003c51   Thumb Code    90  usbd_ctlreq.o(.text.USBD_StdItfReq)
    USBD_static_free                         0x08003cad   Thumb Code     2  usbd_conf.o(.text.USBD_static_free)
    USBD_static_malloc                       0x08003cb1   Thumb Code    10  usbd_conf.o(.text.USBD_static_malloc)
    USB_ActivateEndpoint                     0x08003cbd   Thumb Code   548  stm32f1xx_ll_usb.o(.text.USB_ActivateEndpoint)
    USB_CoreInit                             0x08003ee1   Thumb Code     4  stm32f1xx_ll_usb.o(.text.USB_CoreInit)
    USB_DeactivateEndpoint                   0x08003ee5   Thumb Code   224  stm32f1xx_ll_usb.o(.text.USB_DeactivateEndpoint)
    USB_DevConnect                           0x08003fc5   Thumb Code     4  stm32f1xx_ll_usb.o(.text.USB_DevConnect)
    USB_DevDisconnect                        0x08003fc9   Thumb Code     4  stm32f1xx_ll_usb.o(.text.USB_DevDisconnect)
    USB_DevInit                              0x08003fcd   Thumb Code    38  stm32f1xx_ll_usb.o(.text.USB_DevInit)
    USB_DisableGlobalInt                     0x08003ff5   Thumb Code    20  stm32f1xx_ll_usb.o(.text.USB_DisableGlobalInt)
    USB_EP0_OutStart                         0x08004009   Thumb Code     4  stm32f1xx_ll_usb.o(.text.USB_EP0_OutStart)
    USB_EPClearStall                         0x0800400d   Thumb Code   106  stm32f1xx_ll_usb.o(.text.USB_EPClearStall)
    USB_EPSetStall                           0x08004079   Thumb Code    84  stm32f1xx_ll_usb.o(.text.USB_EPSetStall)
    USB_EPStartXfer                          0x080040cd   Thumb Code   716  stm32f1xx_ll_usb.o(.text.USB_EPStartXfer)
    USB_EnableGlobalInt                      0x08004399   Thumb Code    18  stm32f1xx_ll_usb.o(.text.USB_EnableGlobalInt)
    USB_LP_CAN1_RX0_IRQHandler               0x080043ad   Thumb Code    16  stm32f1xx_it.o(.text.USB_LP_CAN1_RX0_IRQHandler)
    USB_ReadInterrupts                       0x080043bd   Thumb Code     6  stm32f1xx_ll_usb.o(.text.USB_ReadInterrupts)
    USB_ReadPMA                              0x080043c5   Thumb Code    34  stm32f1xx_ll_usb.o(.text.USB_ReadPMA)
    USB_SetCurrentMode                       0x080043e9   Thumb Code     4  stm32f1xx_ll_usb.o(.text.USB_SetCurrentMode)
    USB_SetDevAddress                        0x080043ed   Thumb Code    14  stm32f1xx_ll_usb.o(.text.USB_SetDevAddress)
    USB_WritePMA                             0x080043fd   Thumb Code    34  stm32f1xx_ll_usb.o(.text.USB_WritePMA)
    UsageFault_Handler                       0x08004421   Thumb Code     2  stm32f1xx_it.o(.text.UsageFault_Handler)
    main                                     0x08004425   Thumb Code   424  main.o(.text.main)
    ssd1306_Fill                             0x080045e5   Thumb Code    30  ssd1306.o(.text.ssd1306_Fill)
    ssd1306_Init                             0x08004605   Thumb Code   228  ssd1306.o(.text.ssd1306_Init)
    ssd1306_SetCursor                        0x080046fd   Thumb Code    14  ssd1306.o(.text.ssd1306_SetCursor)
    ssd1306_UpdateScreen                     0x0800470d   Thumb Code   114  ssd1306.o(.text.ssd1306_UpdateScreen)
    ssd1306_WriteChar                        0x08004781   Thumb Code   300  ssd1306.o(.text.ssd1306_WriteChar)
    ssd1306_WriteScreenBuffer                0x080048ad   Thumb Code    24  ssd1306.o(.text.ssd1306_WriteScreenBuffer)
    ssd1306_WriteString                      0x080048c5   Thumb Code    54  ssd1306.o(.text.ssd1306_WriteString)
    AHBPrescTable                            0x08004908   Data          16  system_stm32f1xx.o(.rodata.AHBPrescTable)
    APBPrescTable                            0x08004918   Data           8  system_stm32f1xx.o(.rodata.APBPrescTable)
    Region$$Table$$Base                      0x08004ec8   Number         0  anon$$obj.o(Region$$Table)
    Region$$Table$$Limit                     0x08004ee8   Number         0  anon$$obj.o(Region$$Table)
    FS_Desc                                  0x20000040   Data          28  usbd_desc.o(.data.FS_Desc)
    Font_7x9                                 0x2000005c   Data          12  fonts.o(.data.Font_7x9)
    SystemCoreClock                          0x20000068   Data           4  system_stm32f1xx.o(.data.SystemCoreClock)
    USBD_CUSTOM_HID                          0x2000006c   Data          60  usbd_customhid.o(.data.USBD_CUSTOM_HID)
    USBD_CustomHID_fops_FS                   0x200000ec   Data          24  usbd_custom_hid_if.o(.data.USBD_CustomHID_fops_FS)
    USBD_FS_DeviceDesc                       0x20000104   Data          18  usbd_desc.o(.data.USBD_FS_DeviceDesc)
    USBD_LangIDDesc                          0x20000118   Data           4  usbd_desc.o(.data.USBD_LangIDDesc)
    uwTickFreq                               0x2000011c   Data           1  stm32f1xx_hal.o(.data.uwTickFreq)
    uwTickPrio                               0x20000120   Data           4  stm32f1xx_hal.o(.data.uwTickPrio)
    __libspace_start                         0x20000128   Data          96  libspace.o(.bss)
    RGB                                      0x20000188   Data           6  usbd_custom_hid_if.o(.bss.RGB)
    __temporary_stack_top$libspace           0x20000188   Data           0  libspace.o(.bss)
    USBD_StrDesc                             0x200005f4   Data         512  usbd_desc.o(.bss.USBD_StrDesc)
    dev_connected                            0x2000084c   Data           1  main.o(.bss.dev_connected)
    hUsbDeviceFS                             0x20000850   Data         548  usb_device.o(.bss.hUsbDeviceFS)
    hadc1                                    0x20000a74   Data          48  main.o(.bss.hadc1)
    hi2c1                                    0x20000aa4   Data          84  main.o(.bss.hi2c1)
    hpcd_USB_FS                              0x20000af8   Data        1120  usbd_conf.o(.bss.hpcd_USB_FS)
    htim1                                    0x20000f58   Data          64  main.o(.bss.htim1)
    htim2                                    0x20000f98   Data          64  main.o(.bss.htim2)
    uwTick                                   0x20000fd8   Data           4  stm32f1xx_hal.o(.bss.uwTick)



==============================================================================

Memory Map of the image

  Image Entry point : 0x080000ed

  Load Region LR_IROM1 (Base: 0x08000000, Size: 0x00005010, Max: 0x00010000, ABSOLUTE)

    Execution Region ER_IROM1 (Exec base: 0x08000000, Load base: 0x08000000, Size: 0x00004ee8, Max: 0x00010000, ABSOLUTE)

    Exec Addr    Load Addr    Size         Type   Attr      Idx    E Section Name        Object

    0x08000000   0x08000000   0x000000ec   Data   RO         1417    RESET               startup_stm32f103xb.o
    0x080000ec   0x080000ec   0x00000008   Code   RO         1436  * !!!main             c_w.l(__main.o)
    0x080000f4   0x080000f4   0x00000034   Code   RO         1601    !!!scatter          c_w.l(__scatter.o)
    0x08000128   0x08000128   0x0000001a   Code   RO         1603    !!handler_copy      c_w.l(__scatter_copy.o)
    0x08000142   0x08000142   0x00000002   PAD
    0x08000144   0x08000144   0x0000001c   Code   RO         1605    !!handler_zi        c_w.l(__scatter_zi.o)
    0x08000160   0x08000160   0x00000002   Code   RO         1463    .ARM.Collect$$libinit$$00000000  c_w.l(libinit.o)
    0x08000162   0x08000162   0x00000000   Code   RO         1470    .ARM.Collect$$libinit$$00000002  c_w.l(libinit2.o)
    0x08000162   0x08000162   0x00000000   Code   RO         1472    .ARM.Collect$$libinit$$00000004  c_w.l(libinit2.o)
    0x08000162   0x08000162   0x00000000   Code   RO         1474    .ARM.Collect$$libinit$$00000006  c_w.l(libinit2.o)
    0x08000162   0x08000162   0x00000000   Code   RO         1477    .ARM.Collect$$libinit$$0000000C  c_w.l(libinit2.o)
    0x08000162   0x08000162   0x00000000   Code   RO         1479    .ARM.Collect$$libinit$$0000000E  c_w.l(libinit2.o)
    0x08000162   0x08000162   0x00000000   Code   RO         1481    .ARM.Collect$$libinit$$00000010  c_w.l(libinit2.o)
    0x08000162   0x08000162   0x00000000   Code   RO         1484    .ARM.Collect$$libinit$$00000013  c_w.l(libinit2.o)
    0x08000162   0x08000162   0x00000000   Code   RO         1486    .ARM.Collect$$libinit$$00000015  c_w.l(libinit2.o)
    0x08000162   0x08000162   0x00000000   Code   RO         1488    .ARM.Collect$$libinit$$00000017  c_w.l(libinit2.o)
    0x08000162   0x08000162   0x00000000   Code   RO         1490    .ARM.Collect$$libinit$$00000019  c_w.l(libinit2.o)
    0x08000162   0x08000162   0x00000000   Code   RO         1492    .ARM.Collect$$libinit$$0000001B  c_w.l(libinit2.o)
    0x08000162   0x08000162   0x00000000   Code   RO         1494    .ARM.Collect$$libinit$$0000001D  c_w.l(libinit2.o)
    0x08000162   0x08000162   0x00000000   Code   RO         1496    .ARM.Collect$$libinit$$0000001F  c_w.l(libinit2.o)
    0x08000162   0x08000162   0x00000000   Code   RO         1498    .ARM.Collect$$libinit$$00000021  c_w.l(libinit2.o)
    0x08000162   0x08000162   0x00000000   Code   RO         1500    .ARM.Collect$$libinit$$00000023  c_w.l(libinit2.o)
    0x08000162   0x08000162   0x00000000   Code   RO         1502    .ARM.Collect$$libinit$$00000025  c_w.l(libinit2.o)
    0x08000162   0x08000162   0x00000000   Code   RO         1504    .ARM.Collect$$libinit$$00000027  c_w.l(libinit2.o)
    0x08000162   0x08000162   0x00000000   Code   RO         1508    .ARM.Collect$$libinit$$0000002E  c_w.l(libinit2.o)
    0x08000162   0x08000162   0x00000000   Code   RO         1510    .ARM.Collect$$libinit$$00000030  c_w.l(libinit2.o)
    0x08000162   0x08000162   0x00000000   Code   RO         1512    .ARM.Collect$$libinit$$00000032  c_w.l(libinit2.o)
    0x08000162   0x08000162   0x00000000   Code   RO         1514    .ARM.Collect$$libinit$$00000034  c_w.l(libinit2.o)
    0x08000162   0x08000162   0x00000002   Code   RO         1515    .ARM.Collect$$libinit$$00000035  c_w.l(libinit2.o)
    0x08000164   0x08000164   0x00000002   Code   RO         1537    .ARM.Collect$$libshutdown$$00000000  c_w.l(libshutdown.o)
    0x08000166   0x08000166   0x00000000   Code   RO         1552    .ARM.Collect$$libshutdown$$00000002  c_w.l(libshutdown2.o)
    0x08000166   0x08000166   0x00000000   Code   RO         1554    .ARM.Collect$$libshutdown$$00000004  c_w.l(libshutdown2.o)
    0x08000166   0x08000166   0x00000000   Code   RO         1557    .ARM.Collect$$libshutdown$$00000007  c_w.l(libshutdown2.o)
    0x08000166   0x08000166   0x00000000   Code   RO         1560    .ARM.Collect$$libshutdown$$0000000A  c_w.l(libshutdown2.o)
    0x08000166   0x08000166   0x00000000   Code   RO         1562    .ARM.Collect$$libshutdown$$0000000C  c_w.l(libshutdown2.o)
    0x08000166   0x08000166   0x00000000   Code   RO         1565    .ARM.Collect$$libshutdown$$0000000F  c_w.l(libshutdown2.o)
    0x08000166   0x08000166   0x00000002   Code   RO         1566    .ARM.Collect$$libshutdown$$00000010  c_w.l(libshutdown2.o)
    0x08000168   0x08000168   0x00000000   Code   RO         1438    .ARM.Collect$$rtentry$$00000000  c_w.l(__rtentry.o)
    0x08000168   0x08000168   0x00000000   Code   RO         1440    .ARM.Collect$$rtentry$$00000002  c_w.l(__rtentry2.o)
    0x08000168   0x08000168   0x00000006   Code   RO         1452    .ARM.Collect$$rtentry$$00000004  c_w.l(__rtentry4.o)
    0x0800016e   0x0800016e   0x00000000   Code   RO         1442    .ARM.Collect$$rtentry$$00000009  c_w.l(__rtentry2.o)
    0x0800016e   0x0800016e   0x00000004   Code   RO         1443    .ARM.Collect$$rtentry$$0000000A  c_w.l(__rtentry2.o)
    0x08000172   0x08000172   0x00000000   Code   RO         1445    .ARM.Collect$$rtentry$$0000000C  c_w.l(__rtentry2.o)
    0x08000172   0x08000172   0x00000008   Code   RO         1446    .ARM.Collect$$rtentry$$0000000D  c_w.l(__rtentry2.o)
    0x0800017a   0x0800017a   0x00000002   Code   RO         1467    .ARM.Collect$$rtexit$$00000000  c_w.l(rtexit.o)
    0x0800017c   0x0800017c   0x00000000   Code   RO         1517    .ARM.Collect$$rtexit$$00000002  c_w.l(rtexit2.o)
    0x0800017c   0x0800017c   0x00000004   Code   RO         1518    .ARM.Collect$$rtexit$$00000003  c_w.l(rtexit2.o)
    0x08000180   0x08000180   0x00000006   Code   RO         1519    .ARM.Collect$$rtexit$$00000004  c_w.l(rtexit2.o)
    0x08000186   0x08000186   0x00000002   PAD
    0x08000188   0x08000188   0x00000040   Code   RO         1418    .text               startup_stm32f103xb.o
    0x080001c8   0x080001c8   0x0000008a   Code   RO         1426    .text               c_w.l(rt_memcpy_v6.o)
    0x08000252   0x08000252   0x00000064   Code   RO         1428    .text               c_w.l(rt_memcpy_w.o)
    0x080002b6   0x080002b6   0x00000010   Code   RO         1430    .text               c_w.l(aeabi_memset4.o)
    0x080002c6   0x080002c6   0x0000004e   Code   RO         1432    .text               c_w.l(rt_memclr_w.o)
    0x08000314   0x08000314   0x00000006   Code   RO         1434    .text               c_w.l(heapauxi.o)
    0x0800031a   0x0800031a   0x0000004a   Code   RO         1454    .text               c_w.l(sys_stackheap_outer.o)
    0x08000364   0x08000364   0x00000012   Code   RO         1456    .text               c_w.l(exit.o)
    0x08000376   0x08000376   0x00000002   PAD
    0x08000378   0x08000378   0x00000008   Code   RO         1464    .text               c_w.l(libspace.o)
    0x08000380   0x08000380   0x0000000c   Code   RO         1527    .text               c_w.l(sys_exit.o)
    0x0800038c   0x0800038c   0x00000002   Code   RO         1542    .text               c_w.l(use_no_semi.o)
    0x0800038e   0x0800038e   0x00000000   Code   RO         1544    .text               c_w.l(indicate_semi.o)
    0x0800038e   0x0800038e   0x00000002   PAD
    0x08000390   0x08000390   0x00000042   Code   RO           81    .text.ADC_V         main.o
    0x080003d2   0x080003d2   0x00000002   PAD
    0x080003d4   0x080003d4   0x00000002   Code   RO          158    .text.BusFault_Handler  stm32f1xx_it.o
    0x080003d6   0x080003d6   0x00000002   PAD
    0x080003d8   0x080003d8   0x00000004   Code   RO            4    .text.CUSTOM_HID_DeInit_FS  usbd_custom_hid_if.o
    0x080003dc   0x080003dc   0x00000004   Code   RO            2    .text.CUSTOM_HID_Init_FS  usbd_custom_hid_if.o
    0x080003e0   0x080003e0   0x00000004   Code   RO            6    .text.CUSTOM_HID_OutEvent_FS  usbd_custom_hid_if.o
    0x080003e4   0x080003e4   0x00000092   Code   RO           10    .text.CustomHID_GetFeature  usbd_custom_hid_if.o
    0x08000476   0x08000476   0x00000002   PAD
    0x08000478   0x08000478   0x0000005c   Code   RO            8    .text.CustomHID_SetFeature  usbd_custom_hid_if.o
    0x080004d4   0x080004d4   0x00000002   Code   RO          164    .text.DebugMon_Handler  stm32f1xx_it.o
    0x080004d6   0x080004d6   0x00000002   PAD
    0x080004d8   0x080004d8   0x00000004   Code   RO           77    .text.Error_Handler  main.o
    0x080004dc   0x080004dc   0x0000010e   Code   RO          501    .text.HAL_ADC_ConfigChannel  stm32f1xx_hal_adc.o
    0x080005ea   0x080005ea   0x00000002   PAD
    0x080005ec   0x080005ec   0x00000006   Code   RO          489    .text.HAL_ADC_GetValue  stm32f1xx_hal_adc.o
    0x080005f2   0x080005f2   0x00000002   PAD
    0x080005f4   0x080005f4   0x00000150   Code   RO          455    .text.HAL_ADC_Init  stm32f1xx_hal_adc.o
    0x08000744   0x08000744   0x00000066   Code   RO          134    .text.HAL_ADC_MspInit  stm32f1xx_hal_msp.o
    0x080007aa   0x080007aa   0x00000002   PAD
    0x080007ac   0x080007ac   0x00000174   Code   RO          471    .text.HAL_ADC_PollForConversion  stm32f1xx_hal_adc.o
    0x08000920   0x08000920   0x00000152   Code   RO          465    .text.HAL_ADC_Start  stm32f1xx_hal_adc.o
    0x08000a72   0x08000a72   0x00000002   PAD
    0x08000a74   0x08000a74   0x00000078   Code   RO          469    .text.HAL_ADC_Stop  stm32f1xx_hal_adc.o
    0x08000aec   0x08000aec   0x00000028   Code   RO          418    .text.HAL_Delay     stm32f1xx_hal.o
    0x08000b14   0x08000b14   0x000001f6   Code   RO          682    .text.HAL_GPIO_Init  stm32f1xx_hal_gpio.o
    0x08000d0a   0x08000d0a   0x00000002   PAD
    0x08000d0c   0x08000d0c   0x0000000a   Code   RO          686    .text.HAL_GPIO_ReadPin  stm32f1xx_hal_gpio.o
    0x08000d16   0x08000d16   0x00000002   PAD
    0x08000d18   0x08000d18   0x0000000c   Code   RO          410    .text.HAL_GetTick   stm32f1xx_hal.o
    0x08000d24   0x08000d24   0x0000014e   Code   RO          721    .text.HAL_I2C_Init  stm32f1xx_hal_i2c.o
    0x08000e72   0x08000e72   0x00000002   PAD
    0x08000e74   0x08000e74   0x000001aa   Code   RO          777    .text.HAL_I2C_Mem_Write  stm32f1xx_hal_i2c.o
    0x0800101e   0x0800101e   0x00000002   PAD
    0x08001020   0x08001020   0x00000062   Code   RO          130    .text.HAL_I2C_MspInit  stm32f1xx_hal_msp.o
    0x08001082   0x08001082   0x00000002   PAD
    0x08001084   0x08001084   0x0000001a   Code   RO          408    .text.HAL_IncTick   stm32f1xx_hal.o
    0x0800109e   0x0800109e   0x00000002   PAD
    0x080010a0   0x080010a0   0x00000026   Code   RO          398    .text.HAL_Init      stm32f1xx_hal.o
    0x080010c6   0x080010c6   0x00000002   PAD
    0x080010c8   0x080010c8   0x00000050   Code   RO          400    .text.HAL_InitTick  stm32f1xx_hal.o
    0x08001118   0x08001118   0x0000004a   Code   RO          128    .text.HAL_MspInit   stm32f1xx_hal_msp.o
    0x08001162   0x08001162   0x00000002   PAD
    0x08001164   0x08001164   0x0000001a   Code   RO          557    .text.HAL_NVIC_EnableIRQ  stm32f1xx_hal_cortex.o
    0x0800117e   0x0800117e   0x00000002   PAD
    0x08001180   0x08001180   0x00000056   Code   RO          555    .text.HAL_NVIC_SetPriority  stm32f1xx_hal_cortex.o
    0x080011d6   0x080011d6   0x00000002   PAD
    0x080011d8   0x080011d8   0x00000020   Code   RO          553    .text.HAL_NVIC_SetPriorityGrouping  stm32f1xx_hal_cortex.o
    0x080011f8   0x080011f8   0x0000003c   Code   RO          918    .text.HAL_PCDEx_PMAConfig  stm32f1xx_hal_pcd_ex.o
    0x08001234   0x08001234   0x00000002   Code   RO          248    .text.HAL_PCDEx_SetConnectionState  usbd_conf.o
    0x08001236   0x08001236   0x00000002   PAD
    0x08001238   0x08001238   0x00000014   Code   RO          196    .text.HAL_PCD_DataInStageCallback  usbd_conf.o
    0x0800124c   0x0800124c   0x00000016   Code   RO          194    .text.HAL_PCD_DataOutStageCallback  usbd_conf.o
    0x08001262   0x08001262   0x00000002   PAD
    0x08001264   0x08001264   0x00000040   Code   RO          890    .text.HAL_PCD_EP_Close  stm32f1xx_hal_pcd.o
    0x080012a4   0x080012a4   0x00000046   Code   RO          900    .text.HAL_PCD_EP_ClrStall  stm32f1xx_hal_pcd.o
    0x080012ea   0x080012ea   0x00000002   PAD
    0x080012ec   0x080012ec   0x0000004a   Code   RO          888    .text.HAL_PCD_EP_Open  stm32f1xx_hal_pcd.o
    0x08001336   0x08001336   0x00000002   PAD
    0x08001338   0x08001338   0x0000002e   Code   RO          892    .text.HAL_PCD_EP_Receive  stm32f1xx_hal_pcd.o
    0x08001366   0x08001366   0x00000002   PAD
    0x08001368   0x08001368   0x00000052   Code   RO          898    .text.HAL_PCD_EP_SetStall  stm32f1xx_hal_pcd.o
    0x080013ba   0x080013ba   0x00000002   PAD
    0x080013bc   0x080013bc   0x00000028   Code   RO          896    .text.HAL_PCD_EP_Transmit  stm32f1xx_hal_pcd.o
    0x080013e4   0x080013e4   0x000004cc   Code   RO          858    .text.HAL_PCD_IRQHandler  stm32f1xx_hal_pcd.o
    0x080018b0   0x080018b0   0x000000ce   Code   RO          846    .text.HAL_PCD_Init  stm32f1xx_hal_pcd.o
    0x0800197e   0x0800197e   0x00000002   PAD
    0x08001980   0x08001980   0x00000044   Code   RO          188    .text.HAL_PCD_MspInit  usbd_conf.o
    0x080019c4   0x080019c4   0x00000018   Code   RO          200    .text.HAL_PCD_ResetCallback  usbd_conf.o
    0x080019dc   0x080019dc   0x00000018   Code   RO          204    .text.HAL_PCD_ResumeCallback  usbd_conf.o
    0x080019f4   0x080019f4   0x0000000c   Code   RO          198    .text.HAL_PCD_SOFCallback  usbd_conf.o
    0x08001a00   0x08001a00   0x00000028   Code   RO          862    .text.HAL_PCD_SetAddress  stm32f1xx_hal_pcd.o
    0x08001a28   0x08001a28   0x00000012   Code   RO          192    .text.HAL_PCD_SetupStageCallback  usbd_conf.o
    0x08001a3a   0x08001a3a   0x00000002   PAD
    0x08001a3c   0x08001a3c   0x00000032   Code   RO          856    .text.HAL_PCD_Start  stm32f1xx_hal_pcd.o
    0x08001a6e   0x08001a6e   0x00000002   PAD
    0x08001a70   0x08001a70   0x00000026   Code   RO          202    .text.HAL_PCD_SuspendCallback  usbd_conf.o
    0x08001a96   0x08001a96   0x00000002   PAD
    0x08001a98   0x08001a98   0x000000f0   Code   RO         1016    .text.HAL_RCCEx_GetPeriphCLKFreq  stm32f1xx_hal_rcc_ex.o
    0x08001b88   0x08001b88   0x00000106   Code   RO         1012    .text.HAL_RCCEx_PeriphCLKConfig  stm32f1xx_hal_rcc_ex.o
    0x08001c8e   0x08001c8e   0x00000002   PAD
    0x08001c90   0x08001c90   0x000001b2   Code   RO          978    .text.HAL_RCC_ClockConfig  stm32f1xx_hal_rcc.o
    0x08001e42   0x08001e42   0x00000002   PAD
    0x08001e44   0x08001e44   0x0000000c   Code   RO          988    .text.HAL_RCC_GetHCLKFreq  stm32f1xx_hal_rcc.o
    0x08001e50   0x08001e50   0x00000026   Code   RO          990    .text.HAL_RCC_GetPCLK1Freq  stm32f1xx_hal_rcc.o
    0x08001e76   0x08001e76   0x00000002   PAD
    0x08001e78   0x08001e78   0x00000026   Code   RO          992    .text.HAL_RCC_GetPCLK2Freq  stm32f1xx_hal_rcc.o
    0x08001e9e   0x08001e9e   0x00000002   PAD
    0x08001ea0   0x08001ea0   0x0000030e   Code   RO          976    .text.HAL_RCC_OscConfig  stm32f1xx_hal_rcc.o
    0x080021ae   0x080021ae   0x00000002   PAD
    0x080021b0   0x080021b0   0x00000018   Code   RO          577    .text.HAL_SYSTICK_CLKSourceConfig  stm32f1xx_hal_cortex.o
    0x080021c8   0x080021c8   0x0000002c   Code   RO          563    .text.HAL_SYSTICK_Config  stm32f1xx_hal_cortex.o
    0x080021f4   0x080021f4   0x00000002   Code   RO         1300    .text.HAL_TIMEx_BreakCallback  stm32f1xx_hal_tim_ex.o
    0x080021f6   0x080021f6   0x00000002   PAD
    0x080021f8   0x080021f8   0x00000002   Code   RO         1298    .text.HAL_TIMEx_CommutationCallback  stm32f1xx_hal_tim_ex.o
    0x080021fa   0x080021fa   0x00000002   PAD
    0x080021fc   0x080021fc   0x0000004c   Code   RO         1294    .text.HAL_TIMEx_ConfigBreakDeadTime  stm32f1xx_hal_tim_ex.o
    0x08002248   0x08002248   0x00000046   Code   RO         1296    .text.HAL_TIMEx_MasterConfigSynchronization  stm32f1xx_hal_tim_ex.o
    0x0800228e   0x0800228e   0x00000002   PAD
    0x08002290   0x08002290   0x000000b4   Code   RO         1033    .text.HAL_TIM_Base_Init  stm32f1xx_hal_tim.o
    0x08002344   0x08002344   0x000000a8   Code   RO          138    .text.HAL_TIM_Base_MspInit  stm32f1xx_hal_msp.o
    0x080023ec   0x080023ec   0x0000001c   Code   RO         1043    .text.HAL_TIM_Base_Start  stm32f1xx_hal_tim.o
    0x08002408   0x08002408   0x00000016   Code   RO         1047    .text.HAL_TIM_Base_Start_IT  stm32f1xx_hal_tim.o
    0x0800241e   0x0800241e   0x00000002   PAD
    0x08002420   0x08002420   0x000001ce   Code   RO         1199    .text.HAL_TIM_ConfigClockSource  stm32f1xx_hal_tim.o
    0x080025ee   0x080025ee   0x00000002   PAD
    0x080025f0   0x080025f0   0x00000002   Code   RO         1163    .text.HAL_TIM_IC_CaptureCallback  stm32f1xx_hal_tim.o
    0x080025f2   0x080025f2   0x00000002   PAD
    0x080025f4   0x080025f4   0x0000016a   Code   RO         1161    .text.HAL_TIM_IRQHandler  stm32f1xx_hal_tim.o
    0x0800275e   0x0800275e   0x00000002   PAD
    0x08002760   0x08002760   0x00000058   Code   RO          140    .text.HAL_TIM_MspPostInit  stm32f1xx_hal_msp.o
    0x080027b8   0x080027b8   0x00000002   Code   RO         1165    .text.HAL_TIM_OC_DelayElapsedCallback  stm32f1xx_hal_tim.o
    0x080027ba   0x080027ba   0x00000002   PAD
    0x080027bc   0x080027bc   0x00000202   Code   RO         1181    .text.HAL_TIM_PWM_ConfigChannel  stm32f1xx_hal_tim.o
    0x080029be   0x080029be   0x00000002   PAD
    0x080029c0   0x080029c0   0x000000b4   Code   RO         1083    .text.HAL_TIM_PWM_Init  stm32f1xx_hal_tim.o
    0x08002a74   0x08002a74   0x00000002   Code   RO         1085    .text.HAL_TIM_PWM_MspInit  stm32f1xx_hal_tim.o
    0x08002a76   0x08002a76   0x00000002   PAD
    0x08002a78   0x08002a78   0x00000002   Code   RO         1167    .text.HAL_TIM_PWM_PulseFinishedCallback  stm32f1xx_hal_tim.o
    0x08002a7a   0x08002a7a   0x00000002   PAD
    0x08002a7c   0x08002a7c   0x0000003a   Code   RO         1091    .text.HAL_TIM_PWM_Start  stm32f1xx_hal_tim.o
    0x08002ab6   0x08002ab6   0x00000002   PAD
    0x08002ab8   0x08002ab8   0x00000002   Code   RO         1169    .text.HAL_TIM_PeriodElapsedCallback  stm32f1xx_hal_tim.o
    0x08002aba   0x08002aba   0x00000002   PAD
    0x08002abc   0x08002abc   0x00000002   Code   RO         1171    .text.HAL_TIM_TriggerCallback  stm32f1xx_hal_tim.o
    0x08002abe   0x08002abe   0x00000002   PAD
    0x08002ac0   0x08002ac0   0x00000002   Code   RO          154    .text.HardFault_Handler  stm32f1xx_it.o
    0x08002ac2   0x08002ac2   0x00000002   PAD
    0x08002ac4   0x08002ac4   0x000001dc   Code   RO          779    .text.I2C_RequestMemoryWrite  stm32f1xx_hal_i2c.o
    0x08002ca0   0x08002ca0   0x00000068   Code   RO          733    .text.I2C_WaitOnBTFFlagUntilTimeout  stm32f1xx_hal_i2c.o
    0x08002d08   0x08002d08   0x000000d0   Code   RO           65    .text.MX_GPIO_Init  main.o
    0x08002dd8   0x08002dd8   0x00000138   Code   RO           69    .text.MX_TIM1_Init  main.o
    0x08002f10   0x08002f10   0x0000003e   Code   RO          179    .text.MX_USB_DEVICE_Init  usb_device.o
    0x08002f4e   0x08002f4e   0x00000002   PAD
    0x08002f50   0x08002f50   0x00000002   Code   RO          156    .text.MemManage_Handler  stm32f1xx_it.o
    0x08002f52   0x08002f52   0x00000002   PAD
    0x08002f54   0x08002f54   0x00000002   Code   RO          152    .text.NMI_Handler   stm32f1xx_it.o
    0x08002f56   0x08002f56   0x00000002   PAD
    0x08002f58   0x08002f58   0x00000002   Code   RO          166    .text.PendSV_Handler  stm32f1xx_it.o
    0x08002f5a   0x08002f5a   0x00000002   PAD
    0x08002f5c   0x08002f5c   0x00000010   Code   RO           75    .text.RGB_POWER     main.o
    0x08002f6c   0x08002f6c   0x00000002   Code   RO          162    .text.SVC_Handler   stm32f1xx_it.o
    0x08002f6e   0x08002f6e   0x00000002   PAD
    0x08002f70   0x08002f70   0x00000008   Code   RO          168    .text.SysTick_Handler  stm32f1xx_it.o
    0x08002f78   0x08002f78   0x0000008c   Code   RO           63    .text.SystemClock_Config  main.o
    0x08003004   0x08003004   0x00000050   Code   RO          383    .text.SystemInit    system_stm32f1xx.o
    0x08003054   0x08003054   0x00000010   Code   RO           83    .text.TIM2_IRQHandler  main.o
    0x08003064   0x08003064   0x0000000e   Code   RO          268    .text.USBD_CUSTOM_HID_DataIn  usbd_customhid.o
    0x08003072   0x08003072   0x00000002   PAD
    0x08003074   0x08003074   0x00000026   Code   RO          270    .text.USBD_CUSTOM_HID_DataOut  usbd_customhid.o
    0x0800309a   0x0800309a   0x00000002   PAD
    0x0800309c   0x0800309c   0x00000032   Code   RO          262    .text.USBD_CUSTOM_HID_DeInit  usbd_customhid.o
    0x080030ce   0x080030ce   0x00000002   PAD
    0x080030d0   0x080030d0   0x00000020   Code   RO          266    .text.USBD_CUSTOM_HID_EP0_RxReady  usbd_customhid.o
    0x080030f0   0x080030f0   0x00000010   Code   RO          272    .text.USBD_CUSTOM_HID_GetCfgDesc  usbd_customhid.o
    0x08003100   0x08003100   0x00000010   Code   RO          274    .text.USBD_CUSTOM_HID_GetDeviceQualifierDesc  usbd_customhid.o
    0x08003110   0x08003110   0x00000048   Code   RO          260    .text.USBD_CUSTOM_HID_Init  usbd_customhid.o
    0x08003158   0x08003158   0x0000000e   Code   RO          278    .text.USBD_CUSTOM_HID_RegisterInterface  usbd_customhid.o
    0x08003166   0x08003166   0x00000002   PAD
    0x08003168   0x08003168   0x0000010a   Code   RO          264    .text.USBD_CUSTOM_HID_Setup  usbd_customhid.o
    0x08003272   0x08003272   0x00000002   PAD
    0x08003274   0x08003274   0x0000000e   Code   RO          306    .text.USBD_ClrClassConfig  usbd_core.o
    0x08003282   0x08003282   0x00000002   PAD
    0x08003284   0x08003284   0x00000010   Code   RO          367    .text.USBD_CtlContinueRx  usbd_ioreq.o
    0x08003294   0x08003294   0x00000010   Code   RO          363    .text.USBD_CtlContinueSendData  usbd_ioreq.o
    0x080032a4   0x080032a4   0x00000014   Code   RO          342    .text.USBD_CtlError  usbd_ctlreq.o
    0x080032b8   0x080032b8   0x0000001a   Code   RO          365    .text.USBD_CtlPrepareRx  usbd_ioreq.o
    0x080032d2   0x080032d2   0x00000002   PAD
    0x080032d4   0x080032d4   0x00000016   Code   RO          371    .text.USBD_CtlReceiveStatus  usbd_ioreq.o
    0x080032ea   0x080032ea   0x00000002   PAD
    0x080032ec   0x080032ec   0x0000001a   Code   RO          361    .text.USBD_CtlSendData  usbd_ioreq.o
    0x08003306   0x08003306   0x00000002   PAD
    0x08003308   0x08003308   0x00000016   Code   RO          369    .text.USBD_CtlSendStatus  usbd_ioreq.o
    0x0800331e   0x0800331e   0x00000002   PAD
    0x08003320   0x08003320   0x0000002c   Code   RO           37    .text.USBD_FS_ConfigStrDescriptor  usbd_desc.o
    0x0800334c   0x0800334c   0x0000000e   Code   RO           27    .text.USBD_FS_DeviceDescriptor  usbd_desc.o
    0x0800335a   0x0800335a   0x00000002   PAD
    0x0800335c   0x0800335c   0x00000030   Code   RO           39    .text.USBD_FS_InterfaceStrDescriptor  usbd_desc.o
    0x0800338c   0x0800338c   0x0000000e   Code   RO           29    .text.USBD_FS_LangIDStrDescriptor  usbd_desc.o
    0x0800339a   0x0800339a   0x00000002   PAD
    0x0800339c   0x0800339c   0x00000024   Code   RO           31    .text.USBD_FS_ManufacturerStrDescriptor  usbd_desc.o
    0x080033c0   0x080033c0   0x0000002c   Code   RO           33    .text.USBD_FS_ProductStrDescriptor  usbd_desc.o
    0x080033ec   0x080033ec   0x00000028   Code   RO           35    .text.USBD_FS_SerialStrDescriptor  usbd_desc.o
    0x08003414   0x08003414   0x00000070   Code   RO          350    .text.USBD_GetString  usbd_ctlreq.o
    0x08003484   0x08003484   0x00000030   Code   RO          292    .text.USBD_Init     usbd_core.o
    0x080034b4   0x080034b4   0x0000000e   Code   RO          230    .text.USBD_LL_ClearStallEP  usbd_conf.o
    0x080034c2   0x080034c2   0x00000002   PAD
    0x080034c4   0x080034c4   0x0000000e   Code   RO          224    .text.USBD_LL_CloseEP  usbd_conf.o
    0x080034d2   0x080034d2   0x00000002   PAD
    0x080034d4   0x080034d4   0x000000a2   Code   RO          312    .text.USBD_LL_DataInStage  usbd_core.o
    0x08003576   0x08003576   0x00000002   PAD
    0x08003578   0x08003578   0x00000068   Code   RO          310    .text.USBD_LL_DataOutStage  usbd_core.o
    0x080035e0   0x080035e0   0x00000078   Code   RO          214    .text.USBD_LL_Init  usbd_conf.o
    0x08003658   0x08003658   0x0000001c   Code   RO          232    .text.USBD_LL_IsStallEP  usbd_conf.o
    0x08003674   0x08003674   0x00000014   Code   RO          222    .text.USBD_LL_OpenEP  usbd_conf.o
    0x08003688   0x08003688   0x0000000e   Code   RO          238    .text.USBD_LL_PrepareReceive  usbd_conf.o
    0x08003696   0x08003696   0x00000002   PAD
    0x08003698   0x08003698   0x0000003e   Code   RO          314    .text.USBD_LL_Reset  usbd_core.o
    0x080036d6   0x080036d6   0x00000002   PAD
    0x080036d8   0x080036d8   0x0000000e   Code   RO          320    .text.USBD_LL_Resume  usbd_core.o
    0x080036e6   0x080036e6   0x00000002   PAD
    0x080036e8   0x080036e8   0x0000001a   Code   RO          322    .text.USBD_LL_SOF   usbd_core.o
    0x08003702   0x08003702   0x00000002   PAD
    0x08003704   0x08003704   0x00000008   Code   RO          316    .text.USBD_LL_SetSpeed  usbd_core.o
    0x0800370c   0x0800370c   0x0000000e   Code   RO          234    .text.USBD_LL_SetUSBAddress  usbd_conf.o
    0x0800371a   0x0800371a   0x00000002   PAD
    0x0800371c   0x0800371c   0x00000060   Code   RO          308    .text.USBD_LL_SetupStage  usbd_core.o
    0x0800377c   0x0800377c   0x0000000e   Code   RO          228    .text.USBD_LL_StallEP  usbd_conf.o
    0x0800378a   0x0800378a   0x00000002   PAD
    0x0800378c   0x0800378c   0x0000000e   Code   RO          218    .text.USBD_LL_Start  usbd_conf.o
    0x0800379a   0x0800379a   0x00000002   PAD
    0x0800379c   0x0800379c   0x00000014   Code   RO          318    .text.USBD_LL_Suspend  usbd_core.o
    0x080037b0   0x080037b0   0x0000000e   Code   RO          236    .text.USBD_LL_Transmit  usbd_conf.o
    0x080037be   0x080037be   0x00000002   PAD
    0x080037c0   0x080037c0   0x00000016   Code   RO          348    .text.USBD_ParseSetupRequest  usbd_ctlreq.o
    0x080037d6   0x080037d6   0x00000002   PAD
    0x080037d8   0x080037d8   0x0000000e   Code   RO          296    .text.USBD_RegisterClass  usbd_core.o
    0x080037e6   0x080037e6   0x00000002   PAD
    0x080037e8   0x080037e8   0x0000001a   Code   RO          304    .text.USBD_SetClassConfig  usbd_core.o
    0x08003802   0x08003802   0x00000002   PAD
    0x08003804   0x08003804   0x0000000a   Code   RO          298    .text.USBD_Start    usbd_core.o
    0x0800380e   0x0800380e   0x00000002   PAD
    0x08003810   0x08003810   0x0000034c   Code   RO          340    .text.USBD_StdDevReq  usbd_ctlreq.o
    0x08003b5c   0x08003b5c   0x000000f2   Code   RO          346    .text.USBD_StdEPReq  usbd_ctlreq.o
    0x08003c4e   0x08003c4e   0x00000002   PAD
    0x08003c50   0x08003c50   0x0000005a   Code   RO          344    .text.USBD_StdItfReq  usbd_ctlreq.o
    0x08003caa   0x08003caa   0x00000002   PAD
    0x08003cac   0x08003cac   0x00000002   Code   RO          246    .text.USBD_static_free  usbd_conf.o
    0x08003cae   0x08003cae   0x00000002   PAD
    0x08003cb0   0x08003cb0   0x0000000a   Code   RO          244    .text.USBD_static_malloc  usbd_conf.o
    0x08003cba   0x08003cba   0x00000002   PAD
    0x08003cbc   0x08003cbc   0x00000224   Code   RO         1344    .text.USB_ActivateEndpoint  stm32f1xx_ll_usb.o
    0x08003ee0   0x08003ee0   0x00000004   Code   RO         1330    .text.USB_CoreInit  stm32f1xx_ll_usb.o
    0x08003ee4   0x08003ee4   0x000000e0   Code   RO         1346    .text.USB_DeactivateEndpoint  stm32f1xx_ll_usb.o
    0x08003fc4   0x08003fc4   0x00000004   Code   RO         1364    .text.USB_DevConnect  stm32f1xx_ll_usb.o
    0x08003fc8   0x08003fc8   0x00000004   Code   RO         1366    .text.USB_DevDisconnect  stm32f1xx_ll_usb.o
    0x08003fcc   0x08003fcc   0x00000026   Code   RO         1338    .text.USB_DevInit   stm32f1xx_ll_usb.o
    0x08003ff2   0x08003ff2   0x00000002   PAD
    0x08003ff4   0x08003ff4   0x00000014   Code   RO         1334    .text.USB_DisableGlobalInt  stm32f1xx_ll_usb.o
    0x08004008   0x08004008   0x00000004   Code   RO         1380    .text.USB_EP0_OutStart  stm32f1xx_ll_usb.o
    0x0800400c   0x0800400c   0x0000006a   Code   RO         1358    .text.USB_EPClearStall  stm32f1xx_ll_usb.o
    0x08004076   0x08004076   0x00000002   PAD
    0x08004078   0x08004078   0x00000054   Code   RO         1356    .text.USB_EPSetStall  stm32f1xx_ll_usb.o
    0x080040cc   0x080040cc   0x000002cc   Code   RO         1348    .text.USB_EPStartXfer  stm32f1xx_ll_usb.o
    0x08004398   0x08004398   0x00000012   Code   RO         1332    .text.USB_EnableGlobalInt  stm32f1xx_ll_usb.o
    0x080043aa   0x080043aa   0x00000002   PAD
    0x080043ac   0x080043ac   0x00000010   Code   RO          170    .text.USB_LP_CAN1_RX0_IRQHandler  stm32f1xx_it.o
    0x080043bc   0x080043bc   0x00000006   Code   RO         1368    .text.USB_ReadInterrupts  stm32f1xx_ll_usb.o
    0x080043c2   0x080043c2   0x00000002   PAD
    0x080043c4   0x080043c4   0x00000022   Code   RO         1386    .text.USB_ReadPMA   stm32f1xx_ll_usb.o
    0x080043e6   0x080043e6   0x00000002   PAD
    0x080043e8   0x080043e8   0x00000004   Code   RO         1336    .text.USB_SetCurrentMode  stm32f1xx_ll_usb.o
    0x080043ec   0x080043ec   0x0000000e   Code   RO         1362    .text.USB_SetDevAddress  stm32f1xx_ll_usb.o
    0x080043fa   0x080043fa   0x00000002   PAD
    0x080043fc   0x080043fc   0x00000022   Code   RO         1350    .text.USB_WritePMA  stm32f1xx_ll_usb.o
    0x0800441e   0x0800441e   0x00000002   PAD
    0x08004420   0x08004420   0x00000002   Code   RO          160    .text.UsageFault_Handler  stm32f1xx_it.o
    0x08004422   0x08004422   0x00000002   PAD
    0x08004424   0x08004424   0x000001c0   Code   RO           61    .text.main          main.o
    0x080045e4   0x080045e4   0x0000001e   Code   RO          101    .text.ssd1306_Fill  ssd1306.o
    0x08004602   0x08004602   0x00000002   PAD
    0x08004604   0x08004604   0x000000f8   Code   RO           99    .text.ssd1306_Init  ssd1306.o
    0x080046fc   0x080046fc   0x0000000e   Code   RO          113    .text.ssd1306_SetCursor  ssd1306.o
    0x0800470a   0x0800470a   0x00000002   PAD
    0x0800470c   0x0800470c   0x00000072   Code   RO          103    .text.ssd1306_UpdateScreen  ssd1306.o
    0x0800477e   0x0800477e   0x00000002   PAD
    0x08004780   0x08004780   0x0000012c   Code   RO          109    .text.ssd1306_WriteChar  ssd1306.o
    0x080048ac   0x080048ac   0x00000018   Code   RO          107    .text.ssd1306_WriteScreenBuffer  ssd1306.o
    0x080048c4   0x080048c4   0x00000036   Code   RO          111    .text.ssd1306_WriteString  ssd1306.o
    0x080048fa   0x080048fa   0x00000002   Data   RO         1003    .rodata..L__const.HAL_RCC_GetSysClockFreq.aPredivFactorTable  stm32f1xx_hal_rcc.o
    0x080048fc   0x080048fc   0x0000000c   Data   RO           18    .rodata..Lswitch.table.CustomHID_FeatureReportLength  usbd_custom_hid_if.o
    0x08004908   0x08004908   0x00000010   Data   RO          388    .rodata.AHBPrescTable  system_stm32f1xx.o
    0x08004918   0x08004918   0x00000008   Data   RO          389    .rodata.APBPrescTable  system_stm32f1xx.o
    0x08004920   0x08004920   0x00000357   Data   RO           53    .rodata.Font7x9_EN  fonts.o
    0x08004c77   0x08004c77   0x00000240   Data   RO           54    .rodata.Font7x9_RU  fonts.o
    0x08004eb7   0x08004eb7   0x00000010   Data   RO         1002    .rodata.cst16       stm32f1xx_hal_rcc.o
    0x08004ec7   0x08004ec7   0x00000001   PAD
    0x08004ec8   0x08004ec8   0x00000020   Data   RO         1600    Region$$Table       anon$$obj.o


    Execution Region RW_IRAM1 (Exec base: 0x20000000, Load base: 0x08004ee8, Size: 0x00001fe0, Max: 0x00005000, ABSOLUTE)

    Exec Addr    Load Addr    Size         Type   Attr      Idx    E Section Name        Object

    0x20000000   0x08004ee8   0x0000003f   Data   RW           14    .data.CUSTOM_HID_ReportDesc_FS  usbd_custom_hid_if.o
    0x2000003f   0x08004f27   0x00000001   PAD
    0x20000040   0x08004f28   0x0000001c   Data   RW           41    .data.FS_Desc       usbd_desc.o
    0x2000005c   0x08004f44   0x0000000c   Data   RW           55    .data.Font_7x9      fonts.o
    0x20000068   0x08004f50   0x00000004   Data   RW          387    .data.SystemCoreClock  system_stm32f1xx.o
    0x2000006c   0x08004f54   0x0000003c   Data   RW          280    .data.USBD_CUSTOM_HID  usbd_customhid.o
    0x200000a8   0x08004f90   0x00000029   Data   RW          282    .data.USBD_CUSTOM_HID_CfgDesc  usbd_customhid.o
    0x200000d1   0x08004fb9   0x00000003   PAD
    0x200000d4   0x08004fbc   0x00000009   Data   RW          281    .data.USBD_CUSTOM_HID_Desc  usbd_customhid.o
    0x200000dd   0x08004fc5   0x00000003   PAD
    0x200000e0   0x08004fc8   0x0000000a   Data   RW          283    .data.USBD_CUSTOM_HID_DeviceQualifierDesc  usbd_customhid.o
    0x200000ea   0x08004fd2   0x00000002   PAD
    0x200000ec   0x08004fd4   0x00000018   Data   RW           15    .data.USBD_CustomHID_fops_FS  usbd_custom_hid_if.o
    0x20000104   0x08004fec   0x00000012   Data   RW           42    .data.USBD_FS_DeviceDesc  usbd_desc.o
    0x20000116   0x08004ffe   0x00000002   PAD
    0x20000118   0x08005000   0x00000004   Data   RW           43    .data.USBD_LangIDDesc  usbd_desc.o
    0x2000011c   0x08005004   0x00000001   Data   RW          445    .data.uwTickFreq    stm32f1xx_hal.o
    0x2000011d   0x08005005   0x00000003   PAD
    0x20000120   0x08005008   0x00000004   Data   RW          444    .data.uwTickPrio    stm32f1xx_hal.o
    0x20000124   0x0800500c   0x00000004   PAD
    0x20000128        -       0x00000060   Zero   RW         1465    .bss                c_w.l(libspace.o)
    0x20000188        -       0x00000006   Zero   RW           17    .bss.RGB            usbd_custom_hid_if.o
    0x2000018e   0x0800500c   0x00000002   PAD
    0x20000190        -       0x00000060   Zero   RW          117    .bss.SSD1306        ssd1306.o
    0x200001f0        -       0x00000400   Zero   RW          118    .bss.SSD1306_Buffer  ssd1306.o
    0x200005f0        -       0x00000001   Zero   RW          352    .bss.USBD_SetConfig.cfgidx  usbd_ctlreq.o
    0x200005f1   0x0800500c   0x00000003   PAD
    0x200005f4        -       0x00000200   Zero   RW           44    .bss.USBD_StrDesc   usbd_desc.o
    0x200007f4        -       0x00000058   Zero   RW          251    .bss.USBD_static_malloc.mem  usbd_conf.o
    0x2000084c        -       0x00000001   Zero   RW           89    .bss.dev_connected  main.o
    0x2000084d   0x0800500c   0x00000003   PAD
    0x20000850        -       0x00000224   Zero   RW          181    .bss.hUsbDeviceFS   usb_device.o
    0x20000a74        -       0x00000030   Zero   RW           88    .bss.hadc1          main.o
    0x20000aa4        -       0x00000054   Zero   RW           87    .bss.hi2c1          main.o
    0x20000af8        -       0x00000460   Zero   RW          250    .bss.hpcd_USB_FS    usbd_conf.o
    0x20000f58        -       0x00000040   Zero   RW           85    .bss.htim1          main.o
    0x20000f98        -       0x00000040   Zero   RW           86    .bss.htim2          main.o
    0x20000fd8        -       0x00000004   Zero   RW          446    .bss.uwTick         stm32f1xx_hal.o
    0x20000fdc   0x0800500c   0x00000004   PAD
    0x20000fe0        -       0x00000800   Zero   RW         1416    HEAP                startup_stm32f103xb.o
    0x200017e0        -       0x00000800   Zero   RW         1415    STACK               startup_stm32f103xb.o


==============================================================================

Image component sizes


      Code (inc. data)   RO Data    RW Data    ZI Data      Debug   Object Name

         0          0       1431         12          0        623   fonts.o
      1210         24          0          0        261      11817   main.o
       784         20          0          0       1120       7729   ssd1306.o
        64         26        236          0       4096        800   startup_stm32f103xb.o
       196          0          0          5          4       5524   stm32f1xx_hal.o
      1442          0          0          0          0      12782   stm32f1xx_hal_adc.o
       212          0          0          0          0       8113   stm32f1xx_hal_cortex.o
       512         20          0          0          0       4669   stm32f1xx_hal_gpio.o
      1340          0          0          0          0      41224   stm32f1xx_hal_i2c.o
       530          0          0          0          0       8745   stm32f1xx_hal_msp.o
      1900          0          0          0          0      11549   stm32f1xx_hal_pcd.o
        60          0          0          0          0       3275   stm32f1xx_hal_pcd_ex.o
      1304          0         18          0          0       7724   stm32f1xx_hal_rcc.o
       502         20          0          0          0       3552   stm32f1xx_hal_rcc_ex.o
      1818          4          0          0          0      45788   stm32f1xx_hal_tim.o
       150          0          0          0          0      14959   stm32f1xx_hal_tim_ex.o
        40          0          0          0          0       1430   stm32f1xx_it.o
      1862          4          0          0          0      11839   stm32f1xx_ll_usb.o
        80          0         24          4          0       2235   system_stm32f1xx.o
        62          0          0          0        548       2819   usb_device.o
       506          0          0          0       1208      13055   usbd_conf.o
       604          0          0          0          0       7198   usbd_core.o
      1330         24          0          0          1       8193   usbd_ctlreq.o
       250          0         12         87          6       3511   usbd_custom_hid_if.o
       518         12          0        120          0       7188   usbd_customhid.o
       240         92          0         50        512       2711   usbd_desc.o
       128          0          0          0          0       4366   usbd_ioreq.o

    ----------------------------------------------------------------------
     17834        246       1754        292       7772     253418   Object Totals
         0          0         32          0          0          0   (incl. Generated)
       190          0          1         14         16          0   (incl. Padding)

    ----------------------------------------------------------------------

      Code (inc. data)   RO Data    RW Data    ZI Data      Debug   Library Member Name

         8          0          0          0          0         68   __main.o
         0          0          0          0          0          0   __rtentry.o
        12          0          0          0          0          0   __rtentry2.o
         6          0          0          0          0          0   __rtentry4.o
        52          8          0          0          0          0   __scatter.o
        26          0          0          0          0          0   __scatter_copy.o
        28          0          0          0          0          0   __scatter_zi.o
        16          0          0          0          0         68   aeabi_memset4.o
        18          0          0          0          0         80   exit.o
         6          0          0          0          0        152   heapauxi.o
         0          0          0          0          0          0   indicate_semi.o
         2          0          0          0          0          0   libinit.o
         2          0          0          0          0          0   libinit2.o
         2          0          0          0          0          0   libshutdown.o
         2          0          0          0          0          0   libshutdown2.o
         8          4          0          0         96         68   libspace.o
        78          0          0          0          0         80   rt_memclr_w.o
       138          0          0          0          0         68   rt_memcpy_v6.o
       100          0          0          0          0         80   rt_memcpy_w.o
         2          0          0          0          0          0   rtexit.o
        10          0          0          0          0          0   rtexit2.o
        12          4          0          0          0         68   sys_exit.o
        74          0          0          0          0         80   sys_stackheap_outer.o
         2          0          0          0          0         68   use_no_semi.o

    ----------------------------------------------------------------------
       612         16          0          0         96        880   Library Totals
         8          0          0          0          0          0   (incl. Padding)

    ----------------------------------------------------------------------

      Code (inc. data)   RO Data    RW Data    ZI Data      Debug   Library Name

       604         16          0          0         96        880   c_w.l

    ----------------------------------------------------------------------
       612         16          0          0         96        880   Library Totals

    ----------------------------------------------------------------------

==============================================================================


      Code (inc. data)   RO Data    RW Data    ZI Data      Debug   

     18446        262       1754        292       7868     253502   Grand Totals
     18446        262       1754        292       7868     253502   ELF Image Totals
     18446        262       1754        292          0          0   ROM Totals

==============================================================================

    Total RO  Size (Code + RO Data)                20200 (  19.73kB)
    Total RW  Size (RW Data + ZI Data)              8160 (   7.97kB)
    Total ROM Size (Code + RO Data + RW Data)      20492 (  20.01kB)

==============================================================================

